Archive member included to satisfy reference by file (symbol)

/opt/stm32cubeide/plugins/com.st.stm32cube.ide.mcu.externaltools.gnu-tools-for-stm32.9-2020-q2-update.linux64_2.0.0.202105311346/tools/bin/../lib/gcc/arm-none-eabi/9.3.1/../../../../arm-none-eabi/lib/thumb/v7-m/nofp/libc_nano.a(lib_a-errno.o)
                              ./Core/Src/syscalls.o (__errno)
/opt/stm32cubeide/plugins/com.st.stm32cube.ide.mcu.externaltools.gnu-tools-for-stm32.9-2020-q2-update.linux64_2.0.0.202105311346/tools/bin/../lib/gcc/arm-none-eabi/9.3.1/../../../../arm-none-eabi/lib/thumb/v7-m/nofp/libc_nano.a(lib_a-exit.o)
                              /opt/stm32cubeide/plugins/com.st.stm32cube.ide.mcu.externaltools.gnu-tools-for-stm32.9-2020-q2-update.linux64_2.0.0.202105311346/tools/bin/../lib/gcc/arm-none-eabi/9.3.1/../../../../arm-none-eabi/lib/thumb/v7-m/nofp/crt0.o (exit)
/opt/stm32cubeide/plugins/com.st.stm32cube.ide.mcu.externaltools.gnu-tools-for-stm32.9-2020-q2-update.linux64_2.0.0.202105311346/tools/bin/../lib/gcc/arm-none-eabi/9.3.1/../../../../arm-none-eabi/lib/thumb/v7-m/nofp/libc_nano.a(lib_a-impure.o)
                              /opt/stm32cubeide/plugins/com.st.stm32cube.ide.mcu.externaltools.gnu-tools-for-stm32.9-2020-q2-update.linux64_2.0.0.202105311346/tools/bin/../lib/gcc/arm-none-eabi/9.3.1/../../../../arm-none-eabi/lib/thumb/v7-m/nofp/libc_nano.a(lib_a-exit.o) (_global_impure_ptr)
/opt/stm32cubeide/plugins/com.st.stm32cube.ide.mcu.externaltools.gnu-tools-for-stm32.9-2020-q2-update.linux64_2.0.0.202105311346/tools/bin/../lib/gcc/arm-none-eabi/9.3.1/../../../../arm-none-eabi/lib/thumb/v7-m/nofp/libc_nano.a(lib_a-init.o)
                              /opt/stm32cubeide/plugins/com.st.stm32cube.ide.mcu.externaltools.gnu-tools-for-stm32.9-2020-q2-update.linux64_2.0.0.202105311346/tools/bin/../lib/gcc/arm-none-eabi/9.3.1/../../../../arm-none-eabi/lib/thumb/v7-m/nofp/crt0.o (__libc_init_array)
/opt/stm32cubeide/plugins/com.st.stm32cube.ide.mcu.externaltools.gnu-tools-for-stm32.9-2020-q2-update.linux64_2.0.0.202105311346/tools/bin/../lib/gcc/arm-none-eabi/9.3.1/../../../../arm-none-eabi/lib/thumb/v7-m/nofp/libc_nano.a(lib_a-memcpy-stub.o)
                              ./USB_DEVICE/App/usbd_cdc_if.o (memcpy)
/opt/stm32cubeide/plugins/com.st.stm32cube.ide.mcu.externaltools.gnu-tools-for-stm32.9-2020-q2-update.linux64_2.0.0.202105311346/tools/bin/../lib/gcc/arm-none-eabi/9.3.1/../../../../arm-none-eabi/lib/thumb/v7-m/nofp/libc_nano.a(lib_a-memset.o)
                              /opt/stm32cubeide/plugins/com.st.stm32cube.ide.mcu.externaltools.gnu-tools-for-stm32.9-2020-q2-update.linux64_2.0.0.202105311346/tools/bin/../lib/gcc/arm-none-eabi/9.3.1/../../../../arm-none-eabi/lib/thumb/v7-m/nofp/crt0.o (memset)
/opt/stm32cubeide/plugins/com.st.stm32cube.ide.mcu.externaltools.gnu-tools-for-stm32.9-2020-q2-update.linux64_2.0.0.202105311346/tools/bin/../lib/gcc/arm-none-eabi/9.3.1/../../../../arm-none-eabi/lib/thumb/v7-m/nofp/libc_nano.a(lib_a-sprintf.o)
                              ./Core/Src/main.o (sprintf)
/opt/stm32cubeide/plugins/com.st.stm32cube.ide.mcu.externaltools.gnu-tools-for-stm32.9-2020-q2-update.linux64_2.0.0.202105311346/tools/bin/../lib/gcc/arm-none-eabi/9.3.1/../../../../arm-none-eabi/lib/thumb/v7-m/nofp/libc_nano.a(lib_a-nano-svfprintf.o)
                              /opt/stm32cubeide/plugins/com.st.stm32cube.ide.mcu.externaltools.gnu-tools-for-stm32.9-2020-q2-update.linux64_2.0.0.202105311346/tools/bin/../lib/gcc/arm-none-eabi/9.3.1/../../../../arm-none-eabi/lib/thumb/v7-m/nofp/libc_nano.a(lib_a-sprintf.o) (_svfprintf_r)
/opt/stm32cubeide/plugins/com.st.stm32cube.ide.mcu.externaltools.gnu-tools-for-stm32.9-2020-q2-update.linux64_2.0.0.202105311346/tools/bin/../lib/gcc/arm-none-eabi/9.3.1/../../../../arm-none-eabi/lib/thumb/v7-m/nofp/libc_nano.a(lib_a-nano-vfprintf_i.o)
                              /opt/stm32cubeide/plugins/com.st.stm32cube.ide.mcu.externaltools.gnu-tools-for-stm32.9-2020-q2-update.linux64_2.0.0.202105311346/tools/bin/../lib/gcc/arm-none-eabi/9.3.1/../../../../arm-none-eabi/lib/thumb/v7-m/nofp/libc_nano.a(lib_a-nano-svfprintf.o) (_printf_i)
/opt/stm32cubeide/plugins/com.st.stm32cube.ide.mcu.externaltools.gnu-tools-for-stm32.9-2020-q2-update.linux64_2.0.0.202105311346/tools/bin/../lib/gcc/arm-none-eabi/9.3.1/../../../../arm-none-eabi/lib/thumb/v7-m/nofp/libc_nano.a(lib_a-memchr-stub.o)
                              /opt/stm32cubeide/plugins/com.st.stm32cube.ide.mcu.externaltools.gnu-tools-for-stm32.9-2020-q2-update.linux64_2.0.0.202105311346/tools/bin/../lib/gcc/arm-none-eabi/9.3.1/../../../../arm-none-eabi/lib/thumb/v7-m/nofp/libc_nano.a(lib_a-nano-svfprintf.o) (memchr)
/opt/stm32cubeide/plugins/com.st.stm32cube.ide.mcu.externaltools.gnu-tools-for-stm32.9-2020-q2-update.linux64_2.0.0.202105311346/tools/bin/../lib/gcc/arm-none-eabi/9.3.1/../../../../arm-none-eabi/lib/thumb/v7-m/nofp/libc_nano.a(lib_a-memmove.o)
[...]
Memory Configuration

Name             Origin             Length             Attributes
RAM              0x0000000020000000 0x0000000000005000 xrw
FLASH            0x0000000008000000 0x0000000000010000 xr
*default*        0x0000000000000000 0xffffffffffffffff

Linker script and memory map

LOAD /opt/stm32cubeide/plugins/com.st.stm32cube.ide.mcu.externaltools.gnu-tools-for-stm32.9-2020-q2-update.linux64_2.0.0.202105311346/tools/bin/../lib/gcc/arm-none-eabi/9.3.1/thumb/v7-m/nofp/crti.o
LOAD /opt/stm32cubeide/plugins/com.st.stm32cube.ide.mcu.externaltools.gnu-tools-for-stm32.9-2020-q2-update.linux64_2.0.0.202105311346/tools/bin/../lib/gcc/arm-none-eabi/9.3.1/thumb/v7-m/nofp/crtbegin.o
LOAD /opt/stm32cubeide/plugins/com.st.stm32cube.ide.mcu.externaltools.gnu-tools-for-stm32.9-2020-q2-update.linux64_2.0.0.202105311346/tools/bin/../lib/gcc/arm-none-eabi/9.3.1/../../../../arm-none-eabi/lib/thumb/v7-m/nofp/crt0.o
LOAD ./Core/Src/main.o
LOAD ./Core/Src/stm32f1xx_hal_msp.o
LOAD ./Core/Src/stm32f1xx_it.o
LOAD ./Core/Src/syscalls.o
LOAD ./Core/Src/sysmem.o
LOAD ./Core/Src/system_stm32f1xx.o
LOAD ./Core/Startup/startup_stm32f103c8tx.o
LOAD ./Drivers/STM32F1xx_HAL_Driver/Src/stm32f1xx_hal.o
LOAD ./Drivers/STM32F1xx_HAL_Driver/Src/stm32f1xx_hal_cortex.o
LOAD ./Drivers/STM32F1xx_HAL_Driver/Src/stm32f1xx_hal_dma.o
LOAD ./Drivers/STM32F1xx_HAL_Driver/Src/stm32f1xx_hal_exti.o
LOAD ./Drivers/STM32F1xx_HAL_Driver/Src/stm32f1xx_hal_flash.o
LOAD ./Drivers/STM32F1xx_HAL_Driver/Src/stm32f1xx_hal_flash_ex.o
LOAD ./Drivers/STM32F1xx_HAL_Driver/Src/stm32f1xx_hal_gpio.o
LOAD ./Drivers/STM32F1xx_HAL_Driver/Src/stm32f1xx_hal_gpio_ex.o
LOAD ./Drivers/STM32F1xx_HAL_Driver/Src/stm32f1xx_hal_pcd.o
LOAD ./Drivers/STM32F1xx_HAL_Driver/Src/stm32f1xx_hal_pcd_ex.o
LOAD ./Drivers/STM32F1xx_HAL_Driver/Src/stm32f1xx_hal_pwr.o
LOAD ./Drivers/STM32F1xx_HAL_Driver/Src/stm32f1xx_hal_rcc.o
LOAD ./Drivers/STM32F1xx_HAL_Driver/Src/stm32f1xx_hal_rcc_ex.o
LOAD ./Drivers/STM32F1xx_HAL_Driver/Src/stm32f1xx_hal_spi.o
LOAD ./Drivers/STM32F1xx_HAL_Driver/Src/stm32f1xx_hal_tim.o
LOAD ./Drivers/STM32F1xx_HAL_Driver/Src/stm32f1xx_hal_tim_ex.o
LOAD ./Drivers/STM32F1xx_HAL_Driver/Src/stm32f1xx_ll_usb.o
LOAD ./Middlewares/ST/STM32_USB_Device_Library/Class/CDC/Src/usbd_cdc.o
LOAD ./Middlewares/ST/STM32_USB_Device_Library/Core/Src/usbd_core.o
LOAD ./Middlewares/ST/STM32_USB_Device_Library/Core/Src/usbd_ctlreq.o
LOAD ./Middlewares/ST/STM32_USB_Device_Library/Core/Src/usbd_ioreq.o
LOAD ./USB_DEVICE/App/usb_device.o
LOAD ./USB_DEVICE/App/usbd_cdc_if.o
LOAD ./USB_DEVICE/App/usbd_desc.o
LOAD ./USB_DEVICE/Target/usbd_conf.o
LOAD /home/berocs/STM32CubeIDE/workspace_1.7.0/envyRescue/External/083AD.o
START GROUP
LOAD /opt/stm32cubeide/plugins/com.st.stm32cube.ide.mcu.externaltools.gnu-tools-for-stm32.9-2020-q2-update.linux64_2.0.0.202105311346/tools/bin/../lib/gcc/arm-none-eabi/9.3.1/../../../../arm-none-eabi/lib/thumb/v7-m/nofp/libc_nano.a
LOAD /opt/stm32cubeide/plugins/com.st.stm32cube.ide.mcu.externaltools.gnu-tools-for-stm32.9-2020-q2-update.linux64_2.0.0.202105311346/tools/bin/../lib/gcc/arm-none-eabi/9.3.1/../../../../arm-none-eabi/lib/thumb/v7-m/nofp/libm.a
END GROUP
START GROUP
LOAD /opt/stm32cubeide/plugins/com.st.stm32cube.ide.mcu.externaltools.gnu-tools-for-stm32.9-2020-q2-update.linux64_2.0.0.202105311346/tools/bin/../lib/gcc/arm-none-eabi/9.3.1/thumb/v7-m/nofp/libgcc.a
LOAD /opt/stm32cubeide/plugins/com.st.stm32cube.ide.mcu.externaltools.gnu-tools-for-stm32.9-2020-q2-update.linux64_2.0.0.202105311346/tools/bin/../lib/gcc/arm-none-eabi/9.3.1/../../../../arm-none-eabi/lib/thumb/v7-m/nofp/libc_nano.a
END GROUP
START GROUP
LOAD /opt/stm32cubeide/plugins/com.st.stm32cube.ide.mcu.externaltools.gnu-tools-for-stm32.9-2020-q2-update.linux64_2.0.0.202105311346/tools/bin/../lib/gcc/arm-none-eabi/9.3.1/thumb/v7-m/nofp/libgcc.a
LOAD /opt/stm32cubeide/plugins/com.st.stm32cube.ide.mcu.externaltools.gnu-tools-for-stm32.9-2020-q2-update.linux64_2.0.0.202105311346/tools/bin/../lib/gcc/arm-none-eabi/9.3.1/../../../../arm-none-eabi/lib/thumb/v7-m/nofp/libc_nano.a
LOAD /opt/stm32cubeide/plugins/com.st.stm32cube.ide.mcu.externaltools.gnu-tools-for-stm32.9-2020-q2-update.linux64_2.0.0.202105311346/tools/bin/../lib/gcc/arm-none-eabi/9.3.1/../../../../arm-none-eabi/lib/thumb/v7-m/nofp/libnosys.a
END GROUP
START GROUP
LOAD /opt/stm32cubeide/plugins/com.st.stm32cube.ide.mcu.externaltools.gnu-tools-for-stm32.9-2020-q2-update.linux64_2.0.0.202105311346/tools/bin/../lib/gcc/arm-none-eabi/9.3.1/thumb/v7-m/nofp/libgcc.a
LOAD /opt/stm32cubeide/plugins/com.st.stm32cube.ide.mcu.externaltools.gnu-tools-for-stm32.9-2020-q2-update.linux64_2.0.0.202105311346/tools/bin/../lib/gcc/arm-none-eabi/9.3.1/../../../../arm-none-eabi/lib/thumb/v7-m/nofp/libc_nano.a
LOAD /opt/stm32cubeide/plugins/com.st.stm32cube.ide.mcu.externaltools.gnu-tools-for-stm32.9-2020-q2-update.linux64_2.0.0.202105311346/tools/bin/../lib/gcc/arm-none-eabi/9.3.1/../../../../arm-none-eabi/lib/thumb/v7-m/nofp/libnosys.a
END GROUP
LOAD /opt/stm32cubeide/plugins/com.st.stm32cube.ide.mcu.externaltools.gnu-tools-for-stm32.9-2020-q2-update.linux64_2.0.0.202105311346/tools/bin/../lib/gcc/arm-none-eabi/9.3.1/thumb/v7-m/nofp/crtend.o
LOAD /opt/stm32cubeide/plugins/com.st.stm32cube.ide.mcu.externaltools.gnu-tools-for-stm32.9-2020-q2-update.linux64_2.0.0.202105311346/tools/bin/../lib/gcc/arm-none-eabi/9.3.1/thumb/v7-m/nofp/crtn.o
                0x0000000020005000                _estack = (ORIGIN (RAM) + LENGTH (RAM))
                0x0000000000000200                _Min_Heap_Size = 0x200
                0x0000000000000400                _Min_Stack_Size = 0x400

.isr_vector     0x0000000008000000      0x10c
                0x0000000008000000                . = ALIGN (0x4)
 *(.isr_vector)
 .isr_vector    0x0000000008000000      0x10c ./Core/Startup/startup_stm32f103c8tx.o
                0x0000000008000000                g_pfnVectors
                0x000000000800010c                . = ALIGN (0x4)

.text           0x000000000800010c     0x8c18
                0x000000000800010c                . = ALIGN (0x4)
 *(.text)
 .text          0x000000000800010c       0x40 /opt/stm32cubeide/plugins/com.st.stm32cube.ide.mcu.externaltools.gnu-tools-for-stm32.9-2020-q2-update.linux64_2.0.0.202105311346/tools/bin/../lib/gcc/arm-none-eabi/9.3.1/thumb/v7-m/nofp/crtbegin.o
 *(.text*)
 .text.cdc_recv
                0x000000000800014c       0x20 ./Core/Src/main.o
                0x000000000800014c                cdc_recv
 .text.main     0x000000000800016c      0x564 ./Core/Src/main.o
                0x000000000800016c                main
 .text.SystemClock_Config
                0x00000000080006d0       0xae ./Core/Src/main.o
                0x00000000080006d0                SystemClock_Config
 *fill*         0x000000000800077e        0x2 
 .text.MX_SPI1_Init
                0x0000000008000780       0x6c ./Core/Src/main.o
 .text.MX_GPIO_Init
                0x00000000080007ec       0xa8 ./Core/Src/main.o
 .text.Error_Handler
                0x0000000008000894        0xa ./Core/Src/main.o
                0x0000000008000894                Error_Handler
 *fill*         0x000000000800089e        0x2 
 .text.HAL_MspInit
                0x00000000080008a0       0x64 ./Core/Src/stm32f1xx_hal_msp.o
                0x00000000080008a0                HAL_MspInit
 .text.HAL_SPI_MspInit
                0x0000000008000904       0x94 ./Core/Src/stm32f1xx_hal_msp.o
                0x0000000008000904                HAL_SPI_MspInit
 .text.NMI_Handler
                0x0000000008000998        0x6 ./Core/Src/stm32f1xx_it.o
                0x0000000008000998                NMI_Handler
 .text.HardFault_Handler
                0x000000000800099e        0x6 ./Core/Src/stm32f1xx_it.o
                0x000000000800099e                HardFault_Handler
 .text.MemManage_Handler
                0x00000000080009a4        0x6 ./Core/Src/stm32f1xx_it.o
                0x00000000080009a4                MemManage_Handler
 .text.BusFault_Handler
                0x00000000080009aa        0x6 ./Core/Src/stm32f1xx_it.o
                0x00000000080009aa                BusFault_Handler
 .text.UsageFault_Handler
                0x00000000080009b0        0x6 ./Core/Src/stm32f1xx_it.o
                0x00000000080009b0                UsageFault_Handler
 .text.SVC_Handler
                0x00000000080009b6        0xc ./Core/Src/stm32f1xx_it.o
                0x00000000080009b6                SVC_Handler
 .text.DebugMon_Handler
                0x00000000080009c2        0xc ./Core/Src/stm32f1xx_it.o
                0x00000000080009c2                DebugMon_Handler
 .text.PendSV_Handler
                0x00000000080009ce        0xc ./Core/Src/stm32f1xx_it.o
                0x00000000080009ce                PendSV_Handler
 .text.SysTick_Handler
                0x00000000080009da        0xc ./Core/Src/stm32f1xx_it.o
                0x00000000080009da                SysTick_Handler
 *fill*         0x00000000080009e6        0x2 
 .text.USB_LP_CAN1_RX0_IRQHandler
                0x00000000080009e8       0x14 ./Core/Src/stm32f1xx_it.o
                0x00000000080009e8                USB_LP_CAN1_RX0_IRQHandler
 .text._sbrk    0x00000000080009fc       0x6c ./Core/Src/sysmem.o
                0x00000000080009fc                _sbrk
 .text.SystemInit
                0x0000000008000a68        0xc ./Core/Src/system_stm32f1xx.o
                0x0000000008000a68                SystemInit
 .text.Reset_Handler
                0x0000000008000a74       0x48 ./Core/Startup/startup_stm32f103c8tx.o
                0x0000000008000a74                Reset_Handler
 .text.Default_Handler
                0x0000000008000abc        0x2 ./Core/Startup/startup_stm32f103c8tx.o
                0x0000000008000abc                RTC_Alarm_IRQHandler
                0x0000000008000abc                EXTI2_IRQHandler
                0x0000000008000abc                TIM1_CC_IRQHandler
                0x0000000008000abc                PVD_IRQHandler
                0x0000000008000abc                EXTI3_IRQHandler
                0x0000000008000abc                EXTI0_IRQHandler
                0x0000000008000abc                I2C2_EV_IRQHandler
                0x0000000008000abc                ADC1_2_IRQHandler
                0x0000000008000abc                SPI1_IRQHandler
                0x0000000008000abc                TAMPER_IRQHandler
                0x0000000008000abc                DMA1_Channel4_IRQHandler
                0x0000000008000abc                USART3_IRQHandler
                0x0000000008000abc                RTC_IRQHandler
                0x0000000008000abc                DMA1_Channel7_IRQHandler
                0x0000000008000abc                CAN1_RX1_IRQHandler
                0x0000000008000abc                TIM4_IRQHandler
                0x0000000008000abc                I2C1_EV_IRQHandler
                0x0000000008000abc                DMA1_Channel6_IRQHandler
                0x0000000008000abc                TIM3_IRQHandler
                0x0000000008000abc                RCC_IRQHandler
                0x0000000008000abc                TIM1_TRG_COM_IRQHandler
                0x0000000008000abc                DMA1_Channel1_IRQHandler
                0x0000000008000abc                Default_Handler
                0x0000000008000abc                EXTI15_10_IRQHandler
                0x0000000008000abc                EXTI9_5_IRQHandler
                0x0000000008000abc                SPI2_IRQHandler
                0x0000000008000abc                DMA1_Channel5_IRQHandler
                0x0000000008000abc                EXTI4_IRQHandler
                0x0000000008000abc                USB_HP_CAN1_TX_IRQHandler
                0x0000000008000abc                DMA1_Channel3_IRQHandler
                0x0000000008000abc                TIM1_UP_IRQHandler
                0x0000000008000abc                WWDG_IRQHandler
                0x0000000008000abc                TIM2_IRQHandler
                0x0000000008000abc                TIM1_BRK_IRQHandler
                0x0000000008000abc                EXTI1_IRQHandler
                0x0000000008000abc                USART2_IRQHandler
                0x0000000008000abc                I2C2_ER_IRQHandler
                0x0000000008000abc                DMA1_Channel2_IRQHandler
                0x0000000008000abc                CAN1_SCE_IRQHandler
                0x0000000008000abc                FLASH_IRQHandler
                0x0000000008000abc                USART1_IRQHandler
                0x0000000008000abc                I2C1_ER_IRQHandler
                0x0000000008000abc                USBWakeUp_IRQHandler
 *fill*         0x0000000008000abe        0x2 
 .text.HAL_Init
                0x0000000008000ac0       0x2c ./Drivers/STM32F1xx_HAL_Driver/Src/stm32f1xx_hal.o
                0x0000000008000ac0                HAL_Init
 .text.HAL_InitTick
                0x0000000008000aec       0x60 ./Drivers/STM32F1xx_HAL_Driver/Src/stm32f1xx_hal.o
                0x0000000008000aec                HAL_InitTick
 .text.HAL_IncTick
                0x0000000008000b4c       0x24 ./Drivers/STM32F1xx_HAL_Driver/Src/stm32f1xx_hal.o
                0x0000000008000b4c                HAL_IncTick
 .text.HAL_GetTick
                0x0000000008000b70       0x14 ./Drivers/STM32F1xx_HAL_Driver/Src/stm32f1xx_hal.o
                0x0000000008000b70                HAL_GetTick
 .text.HAL_Delay
                0x0000000008000b84       0x48 ./Drivers/STM32F1xx_HAL_Driver/Src/stm32f1xx_hal.o
                0x0000000008000b84                HAL_Delay
 .text.__NVIC_SetPriorityGrouping
                0x0000000008000bcc       0x48 ./Drivers/STM32F1xx_HAL_Driver/Src/stm32f1xx_hal_cortex.o
 .text.__NVIC_GetPriorityGrouping
                0x0000000008000c14       0x1c ./Drivers/STM32F1xx_HAL_Driver/Src/stm32f1xx_hal_cortex.o
 .text.__NVIC_EnableIRQ
                0x0000000008000c30       0x38 ./Drivers/STM32F1xx_HAL_Driver/Src/stm32f1xx_hal_cortex.o
 .text.__NVIC_SetPriority
                0x0000000008000c68       0x54 ./Drivers/STM32F1xx_HAL_Driver/Src/stm32f1xx_hal_cortex.o
 .text.NVIC_EncodePriority
                0x0000000008000cbc       0x64 ./Drivers/STM32F1xx_HAL_Driver/Src/stm32f1xx_hal_cortex.o
 .text.SysTick_Config
                0x0000000008000d20       0x44 ./Drivers/STM32F1xx_HAL_Driver/Src/stm32f1xx_hal_cortex.o
 .text.HAL_NVIC_SetPriorityGrouping
                0x0000000008000d64       0x16 ./Drivers/STM32F1xx_HAL_Driver/Src/stm32f1xx_hal_cortex.o
                0x0000000008000d64                HAL_NVIC_SetPriorityGrouping
 .text.HAL_NVIC_SetPriority
                0x0000000008000d7a       0x38 ./Drivers/STM32F1xx_HAL_Driver/Src/stm32f1xx_hal_cortex.o
                0x0000000008000d7a                HAL_NVIC_SetPriority
 .text.HAL_NVIC_EnableIRQ
                0x0000000008000db2       0x1c ./Drivers/STM32F1xx_HAL_Driver/Src/stm32f1xx_hal_cortex.o
                0x0000000008000db2                HAL_NVIC_EnableIRQ
 .text.HAL_SYSTICK_Config
                0x0000000008000dce       0x18 ./Drivers/STM32F1xx_HAL_Driver/Src/stm32f1xx_hal_cortex.o
                0x0000000008000dce                HAL_SYSTICK_Config
 *fill*         0x0000000008000de6        0x2 
 .text.HAL_GPIO_Init
                0x0000000008000de8      0x308 ./Drivers/STM32F1xx_HAL_Driver/Src/stm32f1xx_hal_gpio.o
                0x0000000008000de8                HAL_GPIO_Init
 .text.HAL_GPIO_WritePin
                0x00000000080010f0       0x30 ./Drivers/STM32F1xx_HAL_Driver/Src/stm32f1xx_hal_gpio.o
                0x00000000080010f0                HAL_GPIO_WritePin
 .text.HAL_PCD_Init
                0x0000000008001120      0x216 ./Drivers/STM32F1xx_HAL_Driver/Src/stm32f1xx_hal_pcd.o
                0x0000000008001120                HAL_PCD_Init
 .text.HAL_PCD_Start
                0x0000000008001336       0x4c ./Drivers/STM32F1xx_HAL_Driver/Src/stm32f1xx_hal_pcd.o
                0x0000000008001336                HAL_PCD_Start
 .text.HAL_PCD_IRQHandler
                0x0000000008001382      0x2aa ./Drivers/STM32F1xx_HAL_Driver/Src/stm32f1xx_hal_pcd.o
                0x0000000008001382                HAL_PCD_IRQHandler
 .text.HAL_PCD_SetAddress
                0x000000000800162c       0x4a ./Drivers/STM32F1xx_HAL_Driver/Src/stm32f1xx_hal_pcd.o
                0x000000000800162c                HAL_PCD_SetAddress
 .text.HAL_PCD_EP_Open
                0x0000000008001676       0xcc ./Drivers/STM32F1xx_HAL_Driver/Src/stm32f1xx_hal_pcd.o
                0x0000000008001676                HAL_PCD_EP_Open
 .text.HAL_PCD_EP_Close
                0x0000000008001742       0x90 ./Drivers/STM32F1xx_HAL_Driver/Src/stm32f1xx_hal_pcd.o
                0x0000000008001742                HAL_PCD_EP_Close
 .text.HAL_PCD_EP_Receive
                0x00000000080017d2       0x7a ./Drivers/STM32F1xx_HAL_Driver/Src/stm32f1xx_hal_pcd.o
                0x00000000080017d2                HAL_PCD_EP_Receive
 .text.HAL_PCD_EP_GetRxCount
                0x000000000800184c       0x2e ./Drivers/STM32F1xx_HAL_Driver/Src/stm32f1xx_hal_pcd.o
                0x000000000800184c                HAL_PCD_EP_GetRxCount
 .text.HAL_PCD_EP_Transmit
                0x000000000800187a       0x86 ./Drivers/STM32F1xx_HAL_Driver/Src/stm32f1xx_hal_pcd.o
                0x000000000800187a                HAL_PCD_EP_Transmit
 .text.HAL_PCD_EP_SetStall
                0x0000000008001900       0xc0 ./Drivers/STM32F1xx_HAL_Driver/Src/stm32f1xx_hal_pcd.o
                0x0000000008001900                HAL_PCD_EP_SetStall
 .text.HAL_PCD_EP_ClrStall
                0x00000000080019c0       0xa8 ./Drivers/STM32F1xx_HAL_Driver/Src/stm32f1xx_hal_pcd.o
                0x00000000080019c0                HAL_PCD_EP_ClrStall
 .text.PCD_EP_ISR_Handler
                0x0000000008001a68      0x600 ./Drivers/STM32F1xx_HAL_Driver/Src/stm32f1xx_hal_pcd.o
 .text.HAL_PCD_EP_DB_Receive
                0x0000000008002068      0x21a ./Drivers/STM32F1xx_HAL_Driver/Src/stm32f1xx_hal_pcd.o
 .text.HAL_PCD_EP_DB_Transmit
                0x0000000008002282      0x7a4 ./Drivers/STM32F1xx_HAL_Driver/Src/stm32f1xx_hal_pcd.o
 .text.HAL_PCDEx_PMAConfig
                0x0000000008002a26       0x84 ./Drivers/STM32F1xx_HAL_Driver/Src/stm32f1xx_hal_pcd_ex.o
                0x0000000008002a26                HAL_PCDEx_PMAConfig
 *fill*         0x0000000008002aaa        0x2 
 .text.HAL_RCC_OscConfig
                0x0000000008002aac      0x500 ./Drivers/STM32F1xx_HAL_Driver/Src/stm32f1xx_hal_rcc.o
                0x0000000008002aac                HAL_RCC_OscConfig
 .text.HAL_RCC_ClockConfig
                0x0000000008002fac      0x1d4 ./Drivers/STM32F1xx_HAL_Driver/Src/stm32f1xx_hal_rcc.o
                0x0000000008002fac                HAL_RCC_ClockConfig
 .text.HAL_RCC_GetSysClockFreq
                0x0000000008003180       0xc0 ./Drivers/STM32F1xx_HAL_Driver/Src/stm32f1xx_hal_rcc.o
                0x0000000008003180                HAL_RCC_GetSysClockFreq
 .text.RCC_Delay
                0x0000000008003240       0x3c ./Drivers/STM32F1xx_HAL_Driver/Src/stm32f1xx_hal_rcc.o
 .text.HAL_RCCEx_PeriphCLKConfig
                0x000000000800327c      0x16c ./Drivers/STM32F1xx_HAL_Driver/Src/stm32f1xx_hal_rcc_ex.o
                0x000000000800327c                HAL_RCCEx_PeriphCLKConfig
 .text.HAL_SPI_Init
                0x00000000080033e8      0x108 ./Drivers/STM32F1xx_HAL_Driver/Src/stm32f1xx_hal_spi.o
                0x00000000080033e8                HAL_SPI_Init
 .text.HAL_SPI_Transmit
                0x00000000080034f0      0x278 ./Drivers/STM32F1xx_HAL_Driver/Src/stm32f1xx_hal_spi.o
                0x00000000080034f0                HAL_SPI_Transmit
 .text.HAL_SPI_Receive
                0x0000000008003768      0x222 ./Drivers/STM32F1xx_HAL_Driver/Src/stm32f1xx_hal_spi.o
                0x0000000008003768                HAL_SPI_Receive
 .text.HAL_SPI_TransmitReceive
                0x000000000800398a      0x344 ./Drivers/STM32F1xx_HAL_Driver/Src/stm32f1xx_hal_spi.o
                0x000000000800398a                HAL_SPI_TransmitReceive
 *fill*         0x0000000008003cce        0x2 
 .text.SPI_WaitFlagStateUntilTimeout
                0x0000000008003cd0      0x110 ./Drivers/STM32F1xx_HAL_Driver/Src/stm32f1xx_hal_spi.o
 .text.SPI_EndRxTransaction
                0x0000000008003de0       0xa4 ./Drivers/STM32F1xx_HAL_Driver/Src/stm32f1xx_hal_spi.o
 .text.SPI_EndRxTxTransaction
                0x0000000008003e84       0x3c ./Drivers/STM32F1xx_HAL_Driver/Src/stm32f1xx_hal_spi.o
 .text.USB_CoreInit
                0x0000000008003ec0       0x20 ./Drivers/STM32F1xx_HAL_Driver/Src/stm32f1xx_ll_usb.o
                0x0000000008003ec0                USB_CoreInit
 .text.USB_EnableGlobalInt
                0x0000000008003ee0       0x2c ./Drivers/STM32F1xx_HAL_Driver/Src/stm32f1xx_ll_usb.o
                0x0000000008003ee0                USB_EnableGlobalInt
 .text.USB_DisableGlobalInt
                0x0000000008003f0c       0x34 ./Drivers/STM32F1xx_HAL_Driver/Src/stm32f1xx_ll_usb.o
                0x0000000008003f0c                USB_DisableGlobalInt
 .text.USB_SetCurrentMode
                0x0000000008003f40       0x18 ./Drivers/STM32F1xx_HAL_Driver/Src/stm32f1xx_ll_usb.o
                0x0000000008003f40                USB_SetCurrentMode
 .text.USB_DevInit
                0x0000000008003f58       0x40 ./Drivers/STM32F1xx_HAL_Driver/Src/stm32f1xx_ll_usb.o
                0x0000000008003f58                USB_DevInit
 .text.USB_ActivateEndpoint
                0x0000000008003f98      0x6d4 ./Drivers/STM32F1xx_HAL_Driver/Src/stm32f1xx_ll_usb.o
                0x0000000008003f98                USB_ActivateEndpoint
 .text.USB_DeactivateEndpoint
                0x000000000800466c      0x3d8 ./Drivers/STM32F1xx_HAL_Driver/Src/stm32f1xx_ll_usb.o
                0x000000000800466c                USB_DeactivateEndpoint
 .text.USB_EPStartXfer
                0x0000000008004a44     0x15ee ./Drivers/STM32F1xx_HAL_Driver/Src/stm32f1xx_ll_usb.o
                0x0000000008004a44                USB_EPStartXfer
 .text.USB_EPSetStall
                0x0000000008006032       0xa0 ./Drivers/STM32F1xx_HAL_Driver/Src/stm32f1xx_ll_usb.o
                0x0000000008006032                USB_EPSetStall
 .text.USB_EPClearStall
                0x00000000080060d2      0x15a ./Drivers/STM32F1xx_HAL_Driver/Src/stm32f1xx_ll_usb.o
                0x00000000080060d2                USB_EPClearStall
 .text.USB_SetDevAddress
                0x000000000800622c       0x26 ./Drivers/STM32F1xx_HAL_Driver/Src/stm32f1xx_ll_usb.o
                0x000000000800622c                USB_SetDevAddress
 .text.USB_DevConnect
                0x0000000008006252       0x14 ./Drivers/STM32F1xx_HAL_Driver/Src/stm32f1xx_ll_usb.o
                0x0000000008006252                USB_DevConnect
 .text.USB_DevDisconnect
                0x0000000008006266       0x14 ./Drivers/STM32F1xx_HAL_Driver/Src/stm32f1xx_ll_usb.o
                0x0000000008006266                USB_DevDisconnect
 .text.USB_ReadInterrupts
                0x000000000800627a       0x1e ./Drivers/STM32F1xx_HAL_Driver/Src/stm32f1xx_ll_usb.o
                0x000000000800627a                USB_ReadInterrupts
 .text.USB_EP0_OutStart
                0x0000000008006298       0x16 ./Drivers/STM32F1xx_HAL_Driver/Src/stm32f1xx_ll_usb.o
                0x0000000008006298                USB_EP0_OutStart
 .text.USB_WritePMA
                0x00000000080062ae       0x8a ./Drivers/STM32F1xx_HAL_Driver/Src/stm32f1xx_ll_usb.o
                0x00000000080062ae                USB_WritePMA
 .text.USB_ReadPMA
                0x0000000008006338       0x9e ./Drivers/STM32F1xx_HAL_Driver/Src/stm32f1xx_ll_usb.o
                0x0000000008006338                USB_ReadPMA
 .text.USBD_CDC_Init
                0x00000000080063d6       0xf4 ./Middlewares/ST/STM32_USB_Device_Library/Class/CDC/Src/usbd_cdc.o
 .text.USBD_CDC_DeInit
                0x00000000080064ca       0x6e ./Middlewares/ST/STM32_USB_Device_Library/Class/CDC/Src/usbd_cdc.o
 .text.USBD_CDC_Setup
                0x0000000008006538      0x146 ./Middlewares/ST/STM32_USB_Device_Library/Class/CDC/Src/usbd_cdc.o
 .text.USBD_CDC_DataIn
                0x000000000800667e       0xa6 ./Middlewares/ST/STM32_USB_Device_Library/Class/CDC/Src/usbd_cdc.o
 .text.USBD_CDC_DataOut
                0x0000000008006724       0x56 ./Middlewares/ST/STM32_USB_Device_Library/Class/CDC/Src/usbd_cdc.o
 .text.USBD_CDC_EP0_RxReady
                0x000000000800677a       0x50 ./Middlewares/ST/STM32_USB_Device_Library/Class/CDC/Src/usbd_cdc.o
 *fill*         0x00000000080067ca        0x2 
 .text.USBD_CDC_GetFSCfgDesc
                0x00000000080067cc       0x20 ./Middlewares/ST/STM32_USB_Device_Library/Class/CDC/Src/usbd_cdc.o
 .text.USBD_CDC_GetHSCfgDesc
                0x00000000080067ec       0x20 ./Middlewares/ST/STM32_USB_Device_Library/Class/CDC/Src/usbd_cdc.o
 .text.USBD_CDC_GetOtherSpeedCfgDesc
                0x000000000800680c       0x20 ./Middlewares/ST/STM32_USB_Device_Library/Class/CDC/Src/usbd_cdc.o
 .text.USBD_CDC_GetDeviceQualifierDescriptor
                0x000000000800682c       0x20 ./Middlewares/ST/STM32_USB_Device_Library/Class/CDC/Src/usbd_cdc.o
                0x000000000800682c                USBD_CDC_GetDeviceQualifierDescriptor
 .text.USBD_CDC_RegisterInterface
                0x000000000800684c       0x2c ./Middlewares/ST/STM32_USB_Device_Library/Class/CDC/Src/usbd_cdc.o
                0x000000000800684c                USBD_CDC_RegisterInterface
 .text.USBD_CDC_SetTxBuffer
                0x0000000008006878       0x32 ./Middlewares/ST/STM32_USB_Device_Library/Class/CDC/Src/usbd_cdc.o
                0x0000000008006878                USBD_CDC_SetTxBuffer
 .text.USBD_CDC_SetRxBuffer
                0x00000000080068aa       0x26 ./Middlewares/ST/STM32_USB_Device_Library/Class/CDC/Src/usbd_cdc.o
                0x00000000080068aa                USBD_CDC_SetRxBuffer
 .text.USBD_CDC_TransmitPacket
                0x00000000080068d0       0x5e ./Middlewares/ST/STM32_USB_Device_Library/Class/CDC/Src/usbd_cdc.o
                0x00000000080068d0                USBD_CDC_TransmitPacket
 .text.USBD_CDC_ReceivePacket
                0x000000000800692e       0x54 ./Middlewares/ST/STM32_USB_Device_Library/Class/CDC/Src/usbd_cdc.o
                0x000000000800692e                USBD_CDC_ReceivePacket
 .text.USBD_Init
                0x0000000008006982       0x56 ./Middlewares/ST/STM32_USB_Device_Library/Core/Src/usbd_core.o
                0x0000000008006982                USBD_Init
 .text.USBD_RegisterClass
                0x00000000080069d8       0x32 ./Middlewares/ST/STM32_USB_Device_Library/Core/Src/usbd_core.o
                0x00000000080069d8                USBD_RegisterClass
 .text.USBD_Start
                0x0000000008006a0a       0x18 ./Middlewares/ST/STM32_USB_Device_Library/Core/Src/usbd_core.o
                0x0000000008006a0a                USBD_Start
 .text.USBD_RunTestMode
                0x0000000008006a22       0x14 ./Middlewares/ST/STM32_USB_Device_Library/Core/Src/usbd_core.o
                0x0000000008006a22                USBD_RunTestMode
 .text.USBD_SetClassConfig
                0x0000000008006a36       0x3e ./Middlewares/ST/STM32_USB_Device_Library/Core/Src/usbd_core.o
                0x0000000008006a36                USBD_SetClassConfig
 .text.USBD_ClrClassConfig
                0x0000000008006a74       0x26 ./Middlewares/ST/STM32_USB_Device_Library/Core/Src/usbd_core.o
                0x0000000008006a74                USBD_ClrClassConfig
 .text.USBD_LL_SetupStage
                0x0000000008006a9a       0x9a ./Middlewares/ST/STM32_USB_Device_Library/Core/Src/usbd_core.o
                0x0000000008006a9a                USBD_LL_SetupStage
 .text.USBD_LL_DataOutStage
                0x0000000008006b34       0xe2 ./Middlewares/ST/STM32_USB_Device_Library/Core/Src/usbd_core.o
                0x0000000008006b34                USBD_LL_DataOutStage
 .text.USBD_LL_DataInStage
                0x0000000008006c16      0x14a ./Middlewares/ST/STM32_USB_Device_Library/Core/Src/usbd_core.o
                0x0000000008006c16                USBD_LL_DataInStage
 .text.USBD_LL_Reset
                0x0000000008006d60       0x82 ./Middlewares/ST/STM32_USB_Device_Library/Core/Src/usbd_core.o
                0x0000000008006d60                USBD_LL_Reset
 .text.USBD_LL_SetSpeed
                0x0000000008006de2       0x1e ./Middlewares/ST/STM32_USB_Device_Library/Core/Src/usbd_core.o
                0x0000000008006de2                USBD_LL_SetSpeed
 .text.USBD_LL_Suspend
                0x0000000008006e00       0x28 ./Middlewares/ST/STM32_USB_Device_Library/Core/Src/usbd_core.o
                0x0000000008006e00                USBD_LL_Suspend
 .text.USBD_LL_Resume
                0x0000000008006e28       0x2a ./Middlewares/ST/STM32_USB_Device_Library/Core/Src/usbd_core.o
                0x0000000008006e28                USBD_LL_Resume
 .text.USBD_LL_SOF
                0x0000000008006e52       0x34 ./Middlewares/ST/STM32_USB_Device_Library/Core/Src/usbd_core.o
                0x0000000008006e52                USBD_LL_SOF
 *fill*         0x0000000008006e86        0x2 
 .text.USBD_StdDevReq
                0x0000000008006e88       0xd4 ./Middlewares/ST/STM32_USB_Device_Library/Core/Src/usbd_ctlreq.o
                0x0000000008006e88                USBD_StdDevReq
 .text.USBD_StdItfReq
                0x0000000008006f5c       0x90 ./Middlewares/ST/STM32_USB_Device_Library/Core/Src/usbd_ctlreq.o
                0x0000000008006f5c                USBD_StdItfReq
 .text.USBD_StdEPReq
                0x0000000008006fec      0x2c6 ./Middlewares/ST/STM32_USB_Device_Library/Core/Src/usbd_ctlreq.o
                0x0000000008006fec                USBD_StdEPReq
 *fill*         0x00000000080072b2        0x2 
 .text.USBD_GetDescriptor
                0x00000000080072b4      0x2d0 ./Middlewares/ST/STM32_USB_Device_Library/Core/Src/usbd_ctlreq.o
 .text.USBD_SetAddress
                0x0000000008007584       0x86 ./Middlewares/ST/STM32_USB_Device_Library/Core/Src/usbd_ctlreq.o
 *fill*         0x000000000800760a        0x2 
 .text.USBD_SetConfig
                0x000000000800760c      0x11c ./Middlewares/ST/STM32_USB_Device_Library/Core/Src/usbd_ctlreq.o
 .text.USBD_GetConfig
                0x0000000008007728       0x6a ./Middlewares/ST/STM32_USB_Device_Library/Core/Src/usbd_ctlreq.o
 .text.USBD_GetStatus
                0x0000000008007792       0x66 ./Middlewares/ST/STM32_USB_Device_Library/Core/Src/usbd_ctlreq.o
 .text.USBD_SetFeature
                0x00000000080077f8       0x28 ./Middlewares/ST/STM32_USB_Device_Library/Core/Src/usbd_ctlreq.o
 .text.USBD_ClrFeature
                0x0000000008007820       0x42 ./Middlewares/ST/STM32_USB_Device_Library/Core/Src/usbd_ctlreq.o
 .text.USBD_ParseSetupRequest
                0x0000000008007862       0x78 ./Middlewares/ST/STM32_USB_Device_Library/Core/Src/usbd_ctlreq.o
                0x0000000008007862                USBD_ParseSetupRequest
 .text.USBD_CtlError
                0x00000000080078da       0x22 ./Middlewares/ST/STM32_USB_Device_Library/Core/Src/usbd_ctlreq.o
                0x00000000080078da                USBD_CtlError
 .text.USBD_GetString
                0x00000000080078fc       0x84 ./Middlewares/ST/STM32_USB_Device_Library/Core/Src/usbd_ctlreq.o
                0x00000000080078fc                USBD_GetString
 .text.USBD_GetLen
                0x0000000008007980       0x2e ./Middlewares/ST/STM32_USB_Device_Library/Core/Src/usbd_ctlreq.o
 .text.USBD_CtlSendData
                0x00000000080079ae       0x38 ./Middlewares/ST/STM32_USB_Device_Library/Core/Src/usbd_ioreq.o
                0x00000000080079ae                USBD_CtlSendData
 .text.USBD_CtlContinueSendData
                0x00000000080079e6       0x24 ./Middlewares/ST/STM32_USB_Device_Library/Core/Src/usbd_ioreq.o
                0x00000000080079e6                USBD_CtlContinueSendData
 .text.USBD_CtlPrepareRx
                0x0000000008007a0a       0x3c ./Middlewares/ST/STM32_USB_Device_Library/Core/Src/usbd_ioreq.o
                0x0000000008007a0a                USBD_CtlPrepareRx
 .text.USBD_CtlContinueRx
                0x0000000008007a46       0x24 ./Middlewares/ST/STM32_USB_Device_Library/Core/Src/usbd_ioreq.o
                0x0000000008007a46                USBD_CtlContinueRx
 .text.USBD_CtlSendStatus
                0x0000000008007a6a       0x26 ./Middlewares/ST/STM32_USB_Device_Library/Core/Src/usbd_ioreq.o
                0x0000000008007a6a                USBD_CtlSendStatus
 .text.USBD_CtlReceiveStatus
                0x0000000008007a90       0x26 ./Middlewares/ST/STM32_USB_Device_Library/Core/Src/usbd_ioreq.o
                0x0000000008007a90                USBD_CtlReceiveStatus
 *fill*         0x0000000008007ab6        0x2 
 .text.MX_USB_DEVICE_Init
                0x0000000008007ab8       0x60 ./USB_DEVICE/App/usb_device.o
                0x0000000008007ab8                MX_USB_DEVICE_Init
 .text.CDC_Init_FS
                0x0000000008007b18       0x28 ./USB_DEVICE/App/usbd_cdc_if.o
 .text.CDC_DeInit_FS
                0x0000000008007b40        0xe ./USB_DEVICE/App/usbd_cdc_if.o
 *fill*         0x0000000008007b4e        0x2 
 .text.CDC_Control_FS
                0x0000000008007b50       0xbc ./USB_DEVICE/App/usbd_cdc_if.o
 .text.CDC_Receive_FS
                0x0000000008007c0c       0x6c ./USB_DEVICE/App/usbd_cdc_if.o
 .text.CDC_Transmit_FS
                0x0000000008007c78       0x4c ./USB_DEVICE/App/usbd_cdc_if.o
                0x0000000008007c78                CDC_Transmit_FS
 .text.USBD_FS_DeviceDescriptor
                0x0000000008007cc4       0x24 ./USB_DEVICE/App/usbd_desc.o
                0x0000000008007cc4                USBD_FS_DeviceDescriptor
 .text.USBD_FS_LangIDStrDescriptor
                0x0000000008007ce8       0x24 ./USB_DEVICE/App/usbd_desc.o
                0x0000000008007ce8                USBD_FS_LangIDStrDescriptor
 .text.USBD_FS_ProductStrDescriptor
                0x0000000008007d0c       0x3c ./USB_DEVICE/App/usbd_desc.o
                0x0000000008007d0c                USBD_FS_ProductStrDescriptor
 .text.USBD_FS_ManufacturerStrDescriptor
                0x0000000008007d48       0x28 ./USB_DEVICE/App/usbd_desc.o
                0x0000000008007d48                USBD_FS_ManufacturerStrDescriptor
 .text.USBD_FS_SerialStrDescriptor
                0x0000000008007d70       0x24 ./USB_DEVICE/App/usbd_desc.o
                0x0000000008007d70                USBD_FS_SerialStrDescriptor
 .text.USBD_FS_ConfigStrDescriptor
                0x0000000008007d94       0x3c ./USB_DEVICE/App/usbd_desc.o
                0x0000000008007d94                USBD_FS_ConfigStrDescriptor
 .text.USBD_FS_InterfaceStrDescriptor
                0x0000000008007dd0       0x3c ./USB_DEVICE/App/usbd_desc.o
                0x0000000008007dd0                USBD_FS_InterfaceStrDescriptor
 .text.Get_SerialNum
                0x0000000008007e0c       0x58 ./USB_DEVICE/App/usbd_desc.o
 .text.IntToUnicode
                0x0000000008007e64       0x7c ./USB_DEVICE/App/usbd_desc.o
 .text.HAL_PCD_MspInit
                0x0000000008007ee0       0x4c ./USB_DEVICE/Target/usbd_conf.o
                0x0000000008007ee0                HAL_PCD_MspInit
 .text.HAL_PCD_SetupStageCallback
                0x0000000008007f2c       0x24 ./USB_DEVICE/Target/usbd_conf.o
                0x0000000008007f2c                HAL_PCD_SetupStageCallback
 .text.HAL_PCD_DataOutStageCallback
                0x0000000008007f50       0x36 ./USB_DEVICE/Target/usbd_conf.o
                0x0000000008007f50                HAL_PCD_DataOutStageCallback
 .text.HAL_PCD_DataInStageCallback
                0x0000000008007f86       0x34 ./USB_DEVICE/Target/usbd_conf.o
                0x0000000008007f86                HAL_PCD_DataInStageCallback
 .text.HAL_PCD_SOFCallback
                0x0000000008007fba       0x1c ./USB_DEVICE/Target/usbd_conf.o
                0x0000000008007fba                HAL_PCD_SOFCallback
 .text.HAL_PCD_ResetCallback
                0x0000000008007fd6       0x3c ./USB_DEVICE/Target/usbd_conf.o
                0x0000000008007fd6                HAL_PCD_ResetCallback
 *fill*         0x0000000008008012        0x2 
 .text.HAL_PCD_SuspendCallback
                0x0000000008008014       0x34 ./USB_DEVICE/Target/usbd_conf.o
                0x0000000008008014                HAL_PCD_SuspendCallback
 .text.HAL_PCD_ResumeCallback
                0x0000000008008048       0x1c ./USB_DEVICE/Target/usbd_conf.o
                0x0000000008008048                HAL_PCD_ResumeCallback
 .text.USBD_LL_Init
                0x0000000008008064       0xb4 ./USB_DEVICE/Target/usbd_conf.o
                0x0000000008008064                USBD_LL_Init
 .text.USBD_LL_Start
                0x0000000008008118       0x36 ./USB_DEVICE/Target/usbd_conf.o
                0x0000000008008118                USBD_LL_Start
 .text.USBD_LL_OpenEP
                0x000000000800814e       0x4c ./USB_DEVICE/Target/usbd_conf.o
                0x000000000800814e                USBD_LL_OpenEP
 .text.USBD_LL_CloseEP
                0x000000000800819a       0x3e ./USB_DEVICE/Target/usbd_conf.o
                0x000000000800819a                USBD_LL_CloseEP
 .text.USBD_LL_StallEP
                0x00000000080081d8       0x3e ./USB_DEVICE/Target/usbd_conf.o
                0x00000000080081d8                USBD_LL_StallEP
 .text.USBD_LL_ClearStallEP
                0x0000000008008216       0x3e ./USB_DEVICE/Target/usbd_conf.o
                0x0000000008008216                USBD_LL_ClearStallEP
 .text.USBD_LL_IsStallEP
                0x0000000008008254       0x58 ./USB_DEVICE/Target/usbd_conf.o
                0x0000000008008254                USBD_LL_IsStallEP
 .text.USBD_LL_SetUSBAddress
                0x00000000080082ac       0x3e ./USB_DEVICE/Target/usbd_conf.o
                0x00000000080082ac                USBD_LL_SetUSBAddress
 .text.USBD_LL_Transmit
                0x00000000080082ea       0x46 ./USB_DEVICE/Target/usbd_conf.o
                0x00000000080082ea                USBD_LL_Transmit
 .text.USBD_LL_PrepareReceive
                0x0000000008008330       0x46 ./USB_DEVICE/Target/usbd_conf.o
                0x0000000008008330                USBD_LL_PrepareReceive
 .text.USBD_LL_GetRxDataSize
                0x0000000008008376       0x26 ./USB_DEVICE/Target/usbd_conf.o
                0x0000000008008376                USBD_LL_GetRxDataSize
 .text.USBD_static_malloc
                0x000000000800839c       0x18 ./USB_DEVICE/Target/usbd_conf.o
                0x000000000800839c                USBD_static_malloc
 .text.USBD_static_free
                0x00000000080083b4       0x12 ./USB_DEVICE/Target/usbd_conf.o
                0x00000000080083b4                USBD_static_free
 .text.HAL_PCDEx_SetConnectionState
                0x00000000080083c6       0x16 ./USB_DEVICE/Target/usbd_conf.o
                0x00000000080083c6                HAL_PCDEx_SetConnectionState
 .text.USBD_Get_USB_Status
                0x00000000080083dc       0x58 ./USB_DEVICE/Target/usbd_conf.o
 .text.__errno  0x0000000008008434        0xc /opt/stm32cubeide/plugins/com.st.stm32cube.ide.mcu.externaltools.gnu-tools-for-stm32.9-2020-q2-update.linux64_2.0.0.202105311346/tools/bin/../lib/gcc/arm-none-eabi/9.3.1/../../../../arm-none-eabi/lib/thumb/v7-m/nofp/libc_nano.a(lib_a-errno.o)
                0x0000000008008434                __errno
 .text.__libc_init_array
                0x0000000008008440       0x48 /opt/stm32cubeide/plugins/com.st.stm32cube.ide.mcu.externaltools.gnu-tools-for-stm32.9-2020-q2-update.linux64_2.0.0.202105311346/tools/bin/../lib/gcc/arm-none-eabi/9.3.1/../../../../arm-none-eabi/lib/thumb/v7-m/nofp/libc_nano.a(lib_a-init.o)
                0x0000000008008440                __libc_init_array
 .text.memcpy   0x0000000008008488       0x1c /opt/stm32cubeide/plugins/com.st.stm32cube.ide.mcu.externaltools.gnu-tools-for-stm32.9-2020-q2-update.linux64_2.0.0.202105311346/tools/bin/../lib/gcc/arm-none-eabi/9.3.1/../../../../arm-none-eabi/lib/thumb/v7-m/nofp/libc_nano.a(lib_a-memcpy-stub.o)
                0x0000000008008488                memcpy
 .text.memset   0x00000000080084a4       0x10 /opt/stm32cubeide/plugins/com.st.stm32cube.ide.mcu.externaltools.gnu-tools-for-stm32.9-2020-q2-update.linux64_2.0.0.202105311346/tools/bin/../lib/gcc/arm-none-eabi/9.3.1/../../../../arm-none-eabi/lib/thumb/v7-m/nofp/libc_nano.a(lib_a-memset.o)
                0x00000000080084a4                memset
 .text.sprintf  0x00000000080084b4       0x40 /opt/stm32cubeide/plugins/com.st.stm32cube.ide.mcu.externaltools.gnu-tools-for-stm32.9-2020-q2-update.linux64_2.0.0.202105311346/tools/bin/../lib/gcc/arm-none-eabi/9.3.1/../../../../arm-none-eabi/lib/thumb/v7-m/nofp/libc_nano.a(lib_a-sprintf.o)
                0x00000000080084b4                sprintf
                0x00000000080084b4                siprintf
 .text.__ssputs_r
                0x00000000080084f4       0xb6 /opt/stm32cubeide/plugins/com.st.stm32cube.ide.mcu.externaltools.gnu-tools-for-stm32.9-2020-q2-update.linux64_2.0.0.202105311346/tools/bin/../lib/gcc/arm-none-eabi/9.3.1/../../../../arm-none-eabi/lib/thumb/v7-m/nofp/libc_nano.a(lib_a-nano-svfprintf.o)
                0x00000000080084f4                __ssputs_r
 *fill*         0x00000000080085aa        0x2 
 .text._svfprintf_r
                0x00000000080085ac      0x200 /opt/stm32cubeide/plugins/com.st.stm32cube.ide.mcu.externaltools.gnu-tools-for-stm32.9-2020-q2-update.linux64_2.0.0.202105311346/tools/bin/../lib/gcc/arm-none-eabi/9.3.1/../../../../arm-none-eabi/lib/thumb/v7-m/nofp/libc_nano.a(lib_a-nano-svfprintf.o)
                0x00000000080085ac                _svfprintf_r
                0x00000000080085ac                _svfiprintf_r
 .text._printf_common
                0x00000000080087ac       0xde /opt/stm32cubeide/plugins/com.st.stm32cube.ide.mcu.externaltools.gnu-tools-for-stm32.9-2020-q2-update.linux64_2.0.0.202105311346/tools/bin/../lib/gcc/arm-none-eabi/9.3.1/../../../../arm-none-eabi/lib/thumb/v7-m/nofp/libc_nano.a(lib_a-nano-vfprintf_i.o)
                0x00000000080087ac                _printf_common
 *fill*         0x000000000800888a        0x2 
 .text._printf_i
                0x000000000800888c      0x24c /opt/stm32cubeide/plugins/com.st.stm32cube.ide.mcu.externaltools.gnu-tools-for-stm32.9-2020-q2-update.linux64_2.0.0.202105311346/tools/bin/../lib/gcc/arm-none-eabi/9.3.1/../../../../arm-none-eabi/lib/thumb/v7-m/nofp/libc_nano.a(lib_a-nano-vfprintf_i.o)
                0x000000000800888c                _printf_i
 .text.memchr   0x0000000008008ad8       0x1c /opt/stm32cubeide/plugins/com.st.stm32cube.ide.mcu.externaltools.gnu-tools-for-stm32.9-2020-q2-update.linux64_2.0.0.202105311346/tools/bin/../lib/gcc/arm-none-eabi/9.3.1/../../../../arm-none-eabi/lib/thumb/v7-m/nofp/libc_nano.a(lib_a-memchr-stub.o)
                0x0000000008008ad8                memchr
 .text.memmove  0x0000000008008af4       0x34 /opt/stm32cubeide/plugins/com.st.stm32cube.ide.mcu.externaltools.gnu-tools-for-stm32.9-2020-q2-update.linux64_2.0.0.202105311346/tools/bin/../lib/gcc/arm-none-eabi/9.3.1/../../../../arm-none-eabi/lib/thumb/v7-m/nofp/libc_nano.a(lib_a-memmove.o)
                0x0000000008008af4                memmove
 .text._free_r  0x0000000008008b28       0x98 /opt/stm32cubeide/plugins/com.st.stm32cube.ide.mcu.externaltools.gnu-tools-for-stm32.9-2020-q2-update.linux64_2.0.0.202105311346/tools/bin/../lib/gcc/arm-none-eabi/9.3.1/../../../../arm-none-eabi/lib/thumb/v7-m/nofp/libc_nano.a(lib_a-nano-freer.o)
                0x0000000008008b28                _free_r
 .text._malloc_r
                0x0000000008008bc0       0xb4 /opt/stm32cubeide/plugins/com.st.stm32cube.ide.mcu.externaltools.gnu-tools-for-stm32.9-2020-q2-update.linux64_2.0.0.202105311346/tools/bin/../lib/gcc/arm-none-eabi/9.3.1/../../../../arm-none-eabi/lib/thumb/v7-m/nofp/libc_nano.a(lib_a-nano-mallocr.o)
                0x0000000008008bc0                _malloc_r
 .text._realloc_r
                0x0000000008008c74       0x4c /opt/stm32cubeide/plugins/com.st.stm32cube.ide.mcu.externaltools.gnu-tools-for-stm32.9-2020-q2-update.linux64_2.0.0.202105311346/tools/bin/../lib/gcc/arm-none-eabi/9.3.1/../../../../arm-none-eabi/lib/thumb/v7-m/nofp/libc_nano.a(lib_a-nano-reallocr.o)
                0x0000000008008c74                _realloc_r
 .text._sbrk_r  0x0000000008008cc0       0x20 /opt/stm32cubeide/plugins/com.st.stm32cube.ide.mcu.externaltools.gnu-tools-for-stm32.9-2020-q2-update.linux64_2.0.0.202105311346/tools/bin/../lib/gcc/arm-none-eabi/9.3.1/../../../../arm-none-eabi/lib/thumb/v7-m/nofp/libc_nano.a(lib_a-sbrkr.o)
                0x0000000008008cc0                _sbrk_r
 .text.__malloc_lock
                0x0000000008008ce0        0xc /opt/stm32cubeide/plugins/com.st.stm32cube.ide.mcu.externaltools.gnu-tools-for-stm32.9-2020-q2-update.linux64_2.0.0.202105311346/tools/bin/../lib/gcc/arm-none-eabi/9.3.1/../../../../arm-none-eabi/lib/thumb/v7-m/nofp/libc_nano.a(lib_a-mlock.o)
                0x0000000008008ce0                __malloc_lock
 .text.__malloc_unlock
                0x0000000008008cec        0xc /opt/stm32cubeide/plugins/com.st.stm32cube.ide.mcu.externaltools.gnu-tools-for-stm32.9-2020-q2-update.linux64_2.0.0.202105311346/tools/bin/../lib/gcc/arm-none-eabi/9.3.1/../../../../arm-none-eabi/lib/thumb/v7-m/nofp/libc_nano.a(lib_a-mlock.o)
                0x0000000008008cec                __malloc_unlock
 .text._malloc_usable_size_r
                0x0000000008008cf8       0x10 /opt/stm32cubeide/plugins/com.st.stm32cube.ide.mcu.externaltools.gnu-tools-for-stm32.9-2020-q2-update.linux64_2.0.0.202105311346/tools/bin/../lib/gcc/arm-none-eabi/9.3.1/../../../../arm-none-eabi/lib/thumb/v7-m/nofp/libc_nano.a(lib_a-nano-msizer.o)
                0x0000000008008cf8                _malloc_usable_size_r
 .text.__retarget_lock_acquire_recursive
                0x0000000008008d08        0x2 /opt/stm32cubeide/plugins/com.st.stm32cube.ide.mcu.externaltools.gnu-tools-for-stm32.9-2020-q2-update.linux64_2.0.0.202105311346/tools/bin/../lib/gcc/arm-none-eabi/9.3.1/../../../../arm-none-eabi/lib/thumb/v7-m/nofp/libc_nano.a(lib_a-lock.o)
                0x0000000008008d08                __retarget_lock_acquire_recursive
 .text.__retarget_lock_release_recursive
                0x0000000008008d0a        0x2 /opt/stm32cubeide/plugins/com.st.stm32cube.ide.mcu.externaltools.gnu-tools-for-stm32.9-2020-q2-update.linux64_2.0.0.202105311346/tools/bin/../lib/gcc/arm-none-eabi/9.3.1/../../../../arm-none-eabi/lib/thumb/v7-m/nofp/libc_nano.a(lib_a-lock.o)
                0x0000000008008d0a                __retarget_lock_release_recursive
 *(.glue_7)
 .glue_7        0x0000000008008d0c        0x0 linker stubs
 *(.glue_7t)
 .glue_7t       0x0000000008008d0c        0x0 linker stubs
 *(.eh_frame)
 .eh_frame      0x0000000008008d0c        0x0 /opt/stm32cubeide/plugins/com.st.stm32cube.ide.mcu.externaltools.gnu-tools-for-stm32.9-2020-q2-update.linux64_2.0.0.202105311346/tools/bin/../lib/gcc/arm-none-eabi/9.3.1/thumb/v7-m/nofp/crtbegin.o
 *(.init)
 .init          0x0000000008008d0c        0x4 /opt/stm32cubeide/plugins/com.st.stm32cube.ide.mcu.externaltools.gnu-tools-for-stm32.9-2020-q2-update.linux64_2.0.0.202105311346/tools/bin/../lib/gcc/arm-none-eabi/9.3.1/thumb/v7-m/nofp/crti.o
                0x0000000008008d0c                _init
 .init          0x0000000008008d10        0x8 /opt/stm32cubeide/plugins/com.st.stm32cube.ide.mcu.externaltools.gnu-tools-for-stm32.9-2020-q2-update.linux64_2.0.0.202105311346/tools/bin/../lib/gcc/arm-none-eabi/9.3.1/thumb/v7-m/nofp/crtn.o
 *(.fini)
 .fini          0x0000000008008d18        0x4 /opt/stm32cubeide/plugins/com.st.stm32cube.ide.mcu.externaltools.gnu-tools-for-stm32.9-2020-q2-update.linux64_2.0.0.202105311346/tools/bin/../lib/gcc/arm-none-eabi/9.3.1/thumb/v7-m/nofp/crti.o
                0x0000000008008d18                _fini
 .fini          0x0000000008008d1c        0x8 /opt/stm32cubeide/plugins/com.st.stm32cube.ide.mcu.externaltools.gnu-tools-for-stm32.9-2020-q2-update.linux64_2.0.0.202105311346/tools/bin/../lib/gcc/arm-none-eabi/9.3.1/thumb/v7-m/nofp/crtn.o
                0x0000000008008d24                . = ALIGN (0x4)
                0x0000000008008d24                _etext = .

.vfp11_veneer   0x0000000008008d24        0x0
 .vfp11_veneer  0x0000000008008d24        0x0 linker stubs

.v4_bx          0x0000000008008d24        0x0
 .v4_bx         0x0000000008008d24        0x0 linker stubs

.iplt           0x0000000008008d24        0x0
 .iplt          0x0000000008008d24        0x0 /opt/stm32cubeide/plugins/com.st.stm32cube.ide.mcu.externaltools.gnu-tools-for-stm32.9-2020-q2-update.linux64_2.0.0.202105311346/tools/bin/../lib/gcc/arm-none-eabi/9.3.1/thumb/v7-m/nofp/crtbegin.o

.rodata         0x0000000008008d24       0xb8
                0x0000000008008d24                . = ALIGN (0x4)
 *(.rodata)
 .rodata        0x0000000008008d24       0x12 ./Core/Src/main.o
 *fill*         0x0000000008008d36        0x2 
 .rodata        0x0000000008008d38       0x10 ./Drivers/STM32F1xx_HAL_Driver/Src/stm32f1xx_hal_rcc.o
 .rodata        0x0000000008008d48       0x46 ./USB_DEVICE/App/usbd_desc.o
 *(.rodata*)
 *fill*         0x0000000008008d8e        0x2 
 .rodata.ID_READ
                0x0000000008008d90        0x3 ./Core/Src/main.o
                0x0000000008008d90                ID_READ
 .rodata.READ_STATUS
                0x0000000008008d93        0x1 ./Core/Src/main.o
                0x0000000008008d93                READ_STATUS
 .rodata.WRITE_EN
                0x0000000008008d94        0x1 ./Core/Src/main.o
                0x0000000008008d94                WRITE_EN
 .rodata.CHIP_ERASE
                0x0000000008008d95        0x1 ./Core/Src/main.o
                0x0000000008008d95                CHIP_ERASE
 .rodata.PAGE_PROG
                0x0000000008008d96        0x1 ./Core/Src/main.o
                0x0000000008008d96                PAGE_PROG
 *fill*         0x0000000008008d97        0x1 
 .rodata.AHBPrescTable
                0x0000000008008d98       0x10 ./Core/Src/system_stm32f1xx.o
                0x0000000008008d98                AHBPrescTable
 .rodata._svfprintf_r.str1.1
                0x0000000008008da8       0x11 /opt/stm32cubeide/plugins/com.st.stm32cube.ide.mcu.externaltools.gnu-tools-for-stm32.9-2020-q2-update.linux64_2.0.0.202105311346/tools/bin/../lib/gcc/arm-none-eabi/9.3.1/../../../../arm-none-eabi/lib/thumb/v7-m/nofp/libc_nano.a(lib_a-nano-svfprintf.o)
 .rodata._printf_i.str1.1
                0x0000000008008db9       0x22 /opt/stm32cubeide/plugins/com.st.stm32cube.ide.mcu.externaltools.gnu-tools-for-stm32.9-2020-q2-update.linux64_2.0.0.202105311346/tools/bin/../lib/gcc/arm-none-eabi/9.3.1/../../../../arm-none-eabi/lib/thumb/v7-m/nofp/libc_nano.a(lib_a-nano-vfprintf_i.o)
                0x0000000008008ddc                . = ALIGN (0x4)
 *fill*         0x0000000008008ddb        0x1 

.rel.dyn        0x0000000008008ddc        0x0
 .rel.iplt      0x0000000008008ddc        0x0 /opt/stm32cubeide/plugins/com.st.stm32cube.ide.mcu.externaltools.gnu-tools-for-stm32.9-2020-q2-update.linux64_2.0.0.202105311346/tools/bin/../lib/gcc/arm-none-eabi/9.3.1/thumb/v7-m/nofp/crtbegin.o

.ARM.extab      0x0000000008008ddc        0x0
                0x0000000008008ddc                . = ALIGN (0x4)
 *(.ARM.extab* .gnu.linkonce.armextab.*)
                0x0000000008008ddc                . = ALIGN (0x4)

.ARM            0x0000000008008ddc        0x0
                0x0000000008008ddc                . = ALIGN (0x4)
                0x0000000008008ddc                __exidx_start = .
 *(.ARM.exidx*)
                0x0000000008008ddc                __exidx_end = .
                0x0000000008008ddc                . = ALIGN (0x4)

.preinit_array  0x0000000008008ddc        0x0
                0x0000000008008ddc                . = ALIGN (0x4)
                0x0000000008008ddc                PROVIDE (__preinit_array_start = .)
 *(.preinit_array*)
                0x0000000008008ddc                PROVIDE (__preinit_array_end = .)
                0x0000000008008ddc                . = ALIGN (0x4)

.init_array     0x0000000008008ddc        0x4
                0x0000000008008ddc                . = ALIGN (0x4)
                0x0000000008008ddc                PROVIDE (__init_array_start = .)
 *(SORT_BY_NAME(.init_array.*))
 *(.init_array*)
 .init_array    0x0000000008008ddc        0x4 /opt/stm32cubeide/plugins/com.st.stm32cube.ide.mcu.externaltools.gnu-tools-for-stm32.9-2020-q2-update.linux64_2.0.0.202105311346/tools/bin/../lib/gcc/arm-none-eabi/9.3.1/thumb/v7-m/nofp/crtbegin.o
                0x0000000008008de0                PROVIDE (__init_array_end = .)
                0x0000000008008de0                . = ALIGN (0x4)

.fini_array     0x0000000008008de0        0x4
                0x0000000008008de0                . = ALIGN (0x4)
                [!provide]                        PROVIDE (__fini_array_start = .)
 *(SORT_BY_NAME(.fini_array.*))
 *(.fini_array*)
 .fini_array    0x0000000008008de0        0x4 /opt/stm32cubeide/plugins/com.st.stm32cube.ide.mcu.externaltools.gnu-tools-for-stm32.9-2020-q2-update.linux64_2.0.0.202105311346/tools/bin/../lib/gcc/arm-none-eabi/9.3.1/thumb/v7-m/nofp/crtbegin.o
                [!provide]                        PROVIDE (__fini_array_end = .)
                0x0000000008008de4                . = ALIGN (0x4)
                0x0000000008008de4                _sidata = LOADADDR (.data)

.data           0x0000000020000000      0x1e0 load address 0x0000000008008de4
                0x0000000020000000                . = ALIGN (0x4)
                0x0000000020000000                _sdata = .
 *(.data)
 *(.data*)
 .data.SystemCoreClock
                0x0000000020000000        0x4 ./Core/Src/system_stm32f1xx.o
                0x0000000020000000                SystemCoreClock
 .data.uwTickPrio
                0x0000000020000004        0x4 ./Drivers/STM32F1xx_HAL_Driver/Src/stm32f1xx_hal.o
                0x0000000020000004                uwTickPrio
 .data.uwTickFreq
                0x0000000020000008        0x1 ./Drivers/STM32F1xx_HAL_Driver/Src/stm32f1xx_hal.o
                0x0000000020000008                uwTickFreq
 *fill*         0x0000000020000009        0x3 
 .data.USBD_CDC_DeviceQualifierDesc
                0x000000002000000c        0xa ./Middlewares/ST/STM32_USB_Device_Library/Class/CDC/Src/usbd_cdc.o
 *fill*         0x0000000020000016        0x2 
 .data.USBD_CDC
                0x0000000020000018       0x38 ./Middlewares/ST/STM32_USB_Device_Library/Class/CDC/Src/usbd_cdc.o
                0x0000000020000018                USBD_CDC
 .data.USBD_CDC_CfgHSDesc
                0x0000000020000050       0x43 ./Middlewares/ST/STM32_USB_Device_Library/Class/CDC/Src/usbd_cdc.o
                0x0000000020000050                USBD_CDC_CfgHSDesc
 *fill*         0x0000000020000093        0x1 
 .data.USBD_CDC_CfgFSDesc
                0x0000000020000094       0x43 ./Middlewares/ST/STM32_USB_Device_Library/Class/CDC/Src/usbd_cdc.o
                0x0000000020000094                USBD_CDC_CfgFSDesc
 *fill*         0x00000000200000d7        0x1 
 .data.USBD_CDC_OtherSpeedCfgDesc
                0x00000000200000d8       0x43 ./Middlewares/ST/STM32_USB_Device_Library/Class/CDC/Src/usbd_cdc.o
                0x00000000200000d8                USBD_CDC_OtherSpeedCfgDesc
 *fill*         0x000000002000011b        0x1 
 .data.USBD_Interface_fops_FS
                0x000000002000011c       0x10 ./USB_DEVICE/App/usbd_cdc_if.o
                0x000000002000011c                USBD_Interface_fops_FS
 .data.FS_Desc  0x000000002000012c       0x1c ./USB_DEVICE/App/usbd_desc.o
                0x000000002000012c                FS_Desc
 .data.USBD_FS_DeviceDesc
                0x0000000020000148       0x12 ./USB_DEVICE/App/usbd_desc.o
                0x0000000020000148                USBD_FS_DeviceDesc
 *fill*         0x000000002000015a        0x2 
 .data.USBD_LangIDDesc
                0x000000002000015c        0x4 ./USB_DEVICE/App/usbd_desc.o
                0x000000002000015c                USBD_LangIDDesc
 .data.USBD_StringSerial
                0x0000000020000160       0x1a ./USB_DEVICE/App/usbd_desc.o
                0x0000000020000160                USBD_StringSerial
 *fill*         0x000000002000017a        0x2 
 .data._impure_ptr
                0x000000002000017c        0x4 /opt/stm32cubeide/plugins/com.st.stm32cube.ide.mcu.externaltools.gnu-tools-for-stm32.9-2020-q2-update.linux64_2.0.0.202105311346/tools/bin/../lib/gcc/arm-none-eabi/9.3.1/../../../../arm-none-eabi/lib/thumb/v7-m/nofp/libc_nano.a(lib_a-impure.o)
                0x000000002000017c                _impure_ptr
 .data.impure_data
                0x0000000020000180       0x60 /opt/stm32cubeide/plugins/com.st.stm32cube.ide.mcu.externaltools.gnu-tools-for-stm32.9-2020-q2-update.linux64_2.0.0.202105311346/tools/bin/../lib/gcc/arm-none-eabi/9.3.1/../../../../arm-none-eabi/lib/thumb/v7-m/nofp/libc_nano.a(lib_a-impure.o)
 *(.RamFunc)
 *(.RamFunc*)
                0x00000000200001e0                . = ALIGN (0x4)
                0x00000000200001e0                _edata = .

.igot.plt       0x00000000200001e0        0x0 load address 0x0000000008008fc4
 .igot.plt      0x00000000200001e0        0x0 /opt/stm32cubeide/plugins/com.st.stm32cube.ide.mcu.externaltools.gnu-tools-for-stm32.9-2020-q2-update.linux64_2.0.0.202105311346/tools/bin/../lib/gcc/arm-none-eabi/9.3.1/thumb/v7-m/nofp/crtbegin.o
                0x00000000200001e0                . = ALIGN (0x4)

.bss            0x00000000200001e0     0x133c load address 0x0000000008008fc4
                0x00000000200001e0                _sbss = .
                0x00000000200001e0                __bss_start__ = _sbss
 *(.bss)
 .bss           0x00000000200001e0       0x1c /opt/stm32cubeide/plugins/com.st.stm32cube.ide.mcu.externaltools.gnu-tools-for-stm32.9-2020-q2-update.linux64_2.0.0.202105311346/tools/bin/../lib/gcc/arm-none-eabi/9.3.1/thumb/v7-m/nofp/crtbegin.o
 *(.bss*)
 .bss.uart_buf  0x00000000200001fc      0x100 ./Core/Src/main.o
                0x00000000200001fc                uart_buf
 .bss.uart_len  0x00000000200002fc        0x2 ./Core/Src/main.o
                0x00000000200002fc                uart_len
 .bss.cdc_recv_flag
                0x00000000200002fe        0x1 ./Core/Src/main.o
                0x00000000200002fe                cdc_recv_flag
 *fill*         0x00000000200002ff        0x1 
 .bss.__sbrk_heap_end
                0x0000000020000300        0x4 ./Core/Src/sysmem.o
 .bss.cfgidx.7828
                0x0000000020000304        0x1 ./Middlewares/ST/STM32_USB_Device_Library/Core/Src/usbd_ctlreq.o
 *fill*         0x0000000020000305        0x3 
 .bss.mem.7898  0x0000000020000308      0x220 ./USB_DEVICE/Target/usbd_conf.o
 .bss.__malloc_free_list
                0x0000000020000528        0x4 /opt/stm32cubeide/plugins/com.st.stm32cube.ide.mcu.externaltools.gnu-tools-for-stm32.9-2020-q2-update.linux64_2.0.0.202105311346/tools/bin/../lib/gcc/arm-none-eabi/9.3.1/../../../../arm-none-eabi/lib/thumb/v7-m/nofp/libc_nano.a(lib_a-nano-mallocr.o)
                0x0000000020000528                __malloc_free_list
 .bss.__malloc_sbrk_start
                0x000000002000052c        0x4 /opt/stm32cubeide/plugins/com.st.stm32cube.ide.mcu.externaltools.gnu-tools-for-stm32.9-2020-q2-update.linux64_2.0.0.202105311346/tools/bin/../lib/gcc/arm-none-eabi/9.3.1/../../../../arm-none-eabi/lib/thumb/v7-m/nofp/libc_nano.a(lib_a-nano-mallocr.o)
                0x000000002000052c                __malloc_sbrk_start
 *(COMMON)
 COMMON         0x0000000020000530       0x58 ./Core/Src/main.o
                0x0000000020000530                hspi1
 COMMON         0x0000000020000588        0x4 ./Drivers/STM32F1xx_HAL_Driver/Src/stm32f1xx_hal.o
                0x0000000020000588                uwTick
 COMMON         0x000000002000058c      0x2c4 ./USB_DEVICE/App/usb_device.o
                0x000000002000058c                hUsbDeviceFS
 COMMON         0x0000000020000850      0x7d0 ./USB_DEVICE/App/usbd_cdc_if.o
                0x0000000020000850                UserRxBufferFS
                0x0000000020000c38                UserTxBufferFS
 COMMON         0x0000000020001020      0x200 ./USB_DEVICE/App/usbd_desc.o
                0x0000000020001020                USBD_StrDesc
 COMMON         0x0000000020001220      0x2ec ./USB_DEVICE/Target/usbd_conf.o
                0x0000000020001220                hpcd_USB_FS
 COMMON         0x000000002000150c        0x4 /opt/stm32cubeide/plugins/com.st.stm32cube.ide.mcu.externaltools.gnu-tools-for-stm32.9-2020-q2-update.linux64_2.0.0.202105311346/tools/bin/../lib/gcc/arm-none-eabi/9.3.1/../../../../arm-none-eabi/lib/thumb/v7-m/nofp/libc_nano.a(lib_a-reent.o)
                0x000000002000150c                errno
 COMMON         0x0000000020001510        0x9 /opt/stm32cubeide/plugins/com.st.stm32cube.ide.mcu.externaltools.gnu-tools-for-stm32.9-2020-q2-update.linux64_2.0.0.202105311346/tools/bin/../lib/gcc/arm-none-eabi/9.3.1/../../../../arm-none-eabi/lib/thumb/v7-m/nofp/libc_nano.a(lib_a-lock.o)
                0x0000000020001510                __lock___atexit_recursive_mutex
                0x0000000020001511                __lock___arc4random_mutex
                0x0000000020001512                __lock___env_recursive_mutex
                0x0000000020001513                __lock___sinit_recursive_mutex
                0x0000000020001514                __lock___malloc_recursive_mutex
                0x0000000020001515                __lock___at_quick_exit_mutex
                0x0000000020001516                __lock___dd_hash_mutex
                0x0000000020001517                __lock___tz_mutex
                0x0000000020001518                __lock___sfp_recursive_mutex
                0x000000002000151c                . = ALIGN (0x4)
 *fill*         0x0000000020001519        0x3 
                0x000000002000151c                _ebss = .
                0x000000002000151c                __bss_end__ = _ebss

._user_heap_stack
                0x000000002000151c      0x604 load address 0x0000000008008fc4
                0x0000000020001520                . = ALIGN (0x8)
 *fill*         0x000000002000151c        0x4 
                [!provide]                        PROVIDE (end = .)
                0x0000000020001520                PROVIDE (_end = .)
                0x0000000020001720                . = (. + _Min_Heap_Size)
 *fill*         0x0000000020001520      0x200 
                0x0000000020001b20                . = (. + _Min_Stack_Size)
 *fill*         0x0000000020001720      0x400 
                0x0000000020001b20                . = ALIGN (0x8)

/DISCARD/
 libc.a(*)
 libm.a(*)
 libgcc.a(*)

.ARM.attributes
                0x0000000000000000       0x29
 *(.ARM.attributes)
 .ARM.attributes
                0x0000000000000000       0x1d /opt/stm32cubeide/plugins/com.st.stm32cube.ide.mcu.externaltools.gnu-tools-for-stm32.9-2020-q2-update.linux64_2.0.0.202105311346/tools/bin/../lib/gcc/arm-none-eabi/9.3.1/thumb/v7-m/nofp/crti.o
 .ARM.attributes
                0x000000000000001d       0x2d /opt/stm32cubeide/plugins/com.st.stm32cube.ide.mcu.externaltools.gnu-tools-for-stm32.9-2020-q2-update.linux64_2.0.0.202105311346/tools/bin/../lib/gcc/arm-none-eabi/9.3.1/thumb/v7-m/nofp/crtbegin.o
 .ARM.attributes
                0x000000000000004a       0x2d ./Core/Src/main.o
 .ARM.attributes
                0x0000000000000077       0x2d ./Core/Src/stm32f1xx_hal_msp.o
 .ARM.attributes
                0x00000000000000a4       0x2d ./Core/Src/stm32f1xx_it.o
 .ARM.attributes
                0x00000000000000d1       0x2d ./Core/Src/sysmem.o
 .ARM.attributes
                0x00000000000000fe       0x2d ./Core/Src/system_stm32f1xx.o
 .ARM.attributes
                0x000000000000012b       0x21 ./Core/Startup/startup_stm32f103c8tx.o
 .ARM.attributes
                0x000000000000014c       0x2d ./Drivers/STM32F1xx_HAL_Driver/Src/stm32f1xx_hal.o
 .ARM.attributes
                0x0000000000000179       0x2d ./Drivers/STM32F1xx_HAL_Driver/Src/stm32f1xx_hal_cortex.o
 .ARM.attributes
                0x00000000000001a6       0x2d ./Drivers/STM32F1xx_HAL_Driver/Src/stm32f1xx_hal_gpio.o
 .ARM.attributes
                0x00000000000001d3       0x2d ./Drivers/STM32F1xx_HAL_Driver/Src/stm32f1xx_hal_pcd.o
 .ARM.attributes
                0x0000000000000200       0x2d ./Drivers/STM32F1xx_HAL_Driver/Src/stm32f1xx_hal_pcd_ex.o
 .ARM.attributes
                0x000000000000022d       0x2d ./Drivers/STM32F1xx_HAL_Driver/Src/stm32f1xx_hal_rcc.o
 .ARM.attributes
                0x000000000000025a       0x2d ./Drivers/STM32F1xx_HAL_Driver/Src/stm32f1xx_hal_rcc_ex.o
 .ARM.attributes
                0x0000000000000287       0x2d ./Drivers/STM32F1xx_HAL_Driver/Src/stm32f1xx_hal_spi.o
 .ARM.attributes
                0x00000000000002b4       0x2d ./Drivers/STM32F1xx_HAL_Driver/Src/stm32f1xx_ll_usb.o
 .ARM.attributes
                0x00000000000002e1       0x2d ./Middlewares/ST/STM32_USB_Device_Library/Class/CDC/Src/usbd_cdc.o
 .ARM.attributes
                0x000000000000030e       0x2d ./Middlewares/ST/STM32_USB_Device_Library/Core/Src/usbd_core.o
 .ARM.attributes
                0x000000000000033b       0x2d ./Middlewares/ST/STM32_USB_Device_Library/Core/Src/usbd_ctlreq.o
 .ARM.attributes
                0x0000000000000368       0x2d ./Middlewares/ST/STM32_USB_Device_Library/Core/Src/usbd_ioreq.o
 .ARM.attributes
                0x0000000000000395       0x2d ./USB_DEVICE/App/usb_device.o
 .ARM.attributes
                0x00000000000003c2       0x2d ./USB_DEVICE/App/usbd_cdc_if.o
 .ARM.attributes
                0x00000000000003ef       0x2d ./USB_DEVICE/App/usbd_desc.o
 .ARM.attributes
                0x000000000000041c       0x2d ./USB_DEVICE/Target/usbd_conf.o
 .ARM.attributes
                0x0000000000000449       0x2d /opt/stm32cubeide/plugins/com.st.stm32cube.ide.mcu.externaltools.gnu-tools-for-stm32.9-2020-q2-update.linux64_2.0.0.202105311346/tools/bin/../lib/gcc/arm-none-eabi/9.3.1/../../../../arm-none-eabi/lib/thumb/v7-m/nofp/libc_nano.a(lib_a-errno.o)
 .ARM.attributes
                0x0000000000000476       0x2d /opt/stm32cubeide/plugins/com.st.stm32cube.ide.mcu.externaltools.gnu-tools-for-stm32.9-2020-q2-update.linux64_2.0.0.202105311346/tools/bin/../lib/gcc/arm-none-eabi/9.3.1/../../../../arm-none-eabi/lib/thumb/v7-m/nofp/libc_nano.a(lib_a-impure.o)
 .ARM.attributes
                0x00000000000004a3       0x2d /opt/stm32cubeide/plugins/com.st.stm32cube.ide.mcu.externaltools.gnu-tools-for-stm32.9-2020-q2-update.linux64_2.0.0.202105311346/tools/bin/../lib/gcc/arm-none-eabi/9.3.1/../../../../arm-none-eabi/lib/thumb/v7-m/nofp/libc_nano.a(lib_a-init.o)
 .ARM.attributes
                0x00000000000004d0       0x2d /opt/stm32cubeide/plugins/com.st.stm32cube.ide.mcu.externaltools.gnu-tools-for-stm32.9-2020-q2-update.linux64_2.0.0.202105311346/tools/bin/../lib/gcc/arm-none-eabi/9.3.1/../../../../arm-none-eabi/lib/thumb/v7-m/nofp/libc_nano.a(lib_a-memcpy-stub.o)
 .ARM.attributes
                0x00000000000004fd       0x2d /opt/stm32cubeide/plugins/com.st.stm32cube.ide.mcu.externaltools.gnu-tools-for-stm32.9-2020-q2-update.linux64_2.0.0.202105311346/tools/bin/../lib/gcc/arm-none-eabi/9.3.1/../../../../arm-none-eabi/lib/thumb/v7-m/nofp/libc_nano.a(lib_a-memset.o)
 .ARM.attributes
                0x000000000000052a       0x2d /opt/stm32cubeide/plugins/com.st.stm32cube.ide.mcu.externaltools.gnu-tools-for-stm32.9-2020-q2-update.linux64_2.0.0.202105311346/tools/bin/../lib/gcc/arm-none-eabi/9.3.1/../../../../arm-none-eabi/lib/thumb/v7-m/nofp/libc_nano.a(lib_a-sprintf.o)
 .ARM.attributes
                0x0000000000000557       0x2d /opt/stm32cubeide/plugins/com.st.stm32cube.ide.mcu.externaltools.gnu-tools-for-stm32.9-2020-q2-update.linux64_2.0.0.202105311346/tools/bin/../lib/gcc/arm-none-eabi/9.3.1/../../../../arm-none-eabi/lib/thumb/v7-m/nofp/libc_nano.a(lib_a-nano-svfprintf.o)
 .ARM.attributes
                0x0000000000000584       0x2d /opt/stm32cubeide/plugins/com.st.stm32cube.ide.mcu.externaltools.gnu-tools-for-stm32.9-2020-q2-update.linux64_2.0.0.202105311346/tools/bin/../lib/gcc/arm-none-eabi/9.3.1/../../../../arm-none-eabi/lib/thumb/v7-m/nofp/libc_nano.a(lib_a-nano-vfprintf_i.o)
 .ARM.attributes
                0x00000000000005b1       0x2d /opt/stm32cubeide/plugins/com.st.stm32cube.ide.mcu.externaltools.gnu-tools-for-stm32.9-2020-q2-update.linux64_2.0.0.202105311346/tools/bin/../lib/gcc/arm-none-eabi/9.3.1/../../../../arm-none-eabi/lib/thumb/v7-m/nofp/libc_nano.a(lib_a-memchr-stub.o)
 .ARM.attributes
                0x00000000000005de       0x2d /opt/stm32cubeide/plugins/com.st.stm32cube.ide.mcu.externaltools.gnu-tools-for-stm32.9-2020-q2-update.linux64_2.0.0.202105311346/tools/bin/../lib/gcc/arm-none-eabi/9.3.1/../../../../arm-none-eabi/lib/thumb/v7-m/nofp/libc_nano.a(lib_a-memmove.o)
 .ARM.attributes
                0x000000000000060b       0x2d /opt/stm32cubeide/plugins/com.st.stm32cube.ide.mcu.externaltools.gnu-tools-for-stm32.9-2020-q2-update.linux64_2.0.0.202105311346/tools/bin/../lib/gcc/arm-none-eabi/9.3.1/../../../../arm-none-eabi/lib/thumb/v7-m/nofp/libc_nano.a(lib_a-nano-freer.o)
 .ARM.attributes
                0x0000000000000638       0x2d /opt/stm32cubeide/plugins/com.st.stm32cube.ide.mcu.externaltools.gnu-tools-for-stm32.9-2020-q2-update.linux64_2.0.0.202105311346/tools/bin/../lib/gcc/arm-none-eabi/9.3.1/../../../../arm-none-eabi/lib/thumb/v7-m/nofp/libc_nano.a(lib_a-nano-mallocr.o)
 .ARM.attributes
                0x0000000000000665       0x2d /opt/stm32cubeide/plugins/com.st.stm32cube.ide.mcu.externaltools.gnu-tools-for-stm32.9-2020-q2-update.linux64_2.0.0.202105311346/tools/bin/../lib/gcc/arm-none-eabi/9.3.1/../../../../arm-none-eabi/lib/thumb/v7-m/nofp/libc_nano.a(lib_a-nano-reallocr.o)
 .ARM.attributes
                0x0000000000000692       0x2d /opt/stm32cubeide/plugins/com.st.stm32cube.ide.mcu.externaltools.gnu-tools-for-stm32.9-2020-q2-update.linux64_2.0.0.202105311346/tools/bin/../lib/gcc/arm-none-eabi/9.3.1/../../../../arm-none-eabi/lib/thumb/v7-m/nofp/libc_nano.a(lib_a-sbrkr.o)
 .ARM.attributes
                0x00000000000006bf       0x2d /opt/stm32cubeide/plugins/com.st.stm32cube.ide.mcu.externaltools.gnu-tools-for-stm32.9-2020-q2-update.linux64_2.0.0.202105311346/tools/bin/../lib/gcc/arm-none-eabi/9.3.1/../../../../arm-none-eabi/lib/thumb/v7-m/nofp/libc_nano.a(lib_a-mlock.o)
 .ARM.attributes
                0x00000000000006ec       0x2d /opt/stm32cubeide/plugins/com.st.stm32cube.ide.mcu.externaltools.gnu-tools-for-stm32.9-2020-q2-update.linux64_2.0.0.202105311346/tools/bin/../lib/gcc/arm-none-eabi/9.3.1/../../../../arm-none-eabi/lib/thumb/v7-m/nofp/libc_nano.a(lib_a-nano-msizer.o)
 .ARM.attributes
                0x0000000000000719       0x2d /opt/stm32cubeide/plugins/com.st.stm32cube.ide.mcu.externaltools.gnu-tools-for-stm32.9-2020-q2-update.linux64_2.0.0.202105311346/tools/bin/../lib/gcc/arm-none-eabi/9.3.1/../../../../arm-none-eabi/lib/thumb/v7-m/nofp/libc_nano.a(lib_a-reent.o)
 .ARM.attributes
                0x0000000000000746       0x2d /opt/stm32cubeide/plugins/com.st.stm32cube.ide.mcu.externaltools.gnu-tools-for-stm32.9-2020-q2-update.linux64_2.0.0.202105311346/tools/bin/../lib/gcc/arm-none-eabi/9.3.1/../../../../arm-none-eabi/lib/thumb/v7-m/nofp/libc_nano.a(lib_a-lock.o)
 .ARM.attributes
                0x0000000000000773       0x1d /opt/stm32cubeide/plugins/com.st.stm32cube.ide.mcu.externaltools.gnu-tools-for-stm32.9-2020-q2-update.linux64_2.0.0.202105311346/tools/bin/../lib/gcc/arm-none-eabi/9.3.1/thumb/v7-m/nofp/crtn.o
OUTPUT(envyRescue.elf elf32-littlearm)
LOAD linker stubs
LOAD /opt/stm32cubeide/plugins/com.st.stm32cube.ide.mcu.externaltools.gnu-tools-for-stm32.9-2020-q2-update.linux64_2.0.0.202105311346/tools/bin/../lib/gcc/arm-none-eabi/9.3.1/../../../../arm-none-eabi/lib/thumb/v7-m/nofp/libc.a
LOAD /opt/stm32cubeide/plugins/com.st.stm32cube.ide.mcu.externaltools.gnu-tools-for-stm32.9-2020-q2-update.linux64_2.0.0.202105311346/tools/bin/../lib/gcc/arm-none-eabi/9.3.1/../../../../arm-none-eabi/lib/thumb/v7-m/nofp/libm.a
LOAD /opt/stm32cubeide/plugins/com.st.stm32cube.ide.mcu.externaltools.gnu-tools-for-stm32.9-2020-q2-update.linux64_2.0.0.202105311346/tools/bin/../lib/gcc/arm-none-eabi/9.3.1/thumb/v7-m/nofp/libgcc.a

.debug_info     0x0000000000000000    0x14921
 .debug_info    0x0000000000000000     0x19e9 ./Core/Src/main.o
 .debug_info    0x00000000000019e9      0x91f ./Core/Src/stm32f1xx_hal_msp.o
 .debug_info    0x0000000000002308      0x713 ./Core/Src/stm32f1xx_it.o
 .debug_info    0x0000000000002a1b      0xa25 ./Core/Src/sysmem.o
 .debug_info    0x0000000000003440      0x2be ./Core/Src/system_stm32f1xx.o
 .debug_info    0x00000000000036fe       0x22 ./Core/Startup/startup_stm32f103c8tx.o
 .debug_info    0x0000000000003720      0x76a ./Drivers/STM32F1xx_HAL_Driver/Src/stm32f1xx_hal.o
 .debug_info    0x0000000000003e8a      0xbdc ./Drivers/STM32F1xx_HAL_Driver/Src/stm32f1xx_hal_cortex.o
 .debug_info    0x0000000000004a66      0x701 ./Drivers/STM32F1xx_HAL_Driver/Src/stm32f1xx_hal_gpio.o
 .debug_info    0x0000000000005167     0x1509 ./Drivers/STM32F1xx_HAL_Driver/Src/stm32f1xx_hal_pcd.o
 .debug_info    0x0000000000006670      0x7fc ./Drivers/STM32F1xx_HAL_Driver/Src/stm32f1xx_hal_pcd_ex.o
 .debug_info    0x0000000000006e6c      0x88e ./Drivers/STM32F1xx_HAL_Driver/Src/stm32f1xx_hal_rcc.o
 .debug_info    0x00000000000076fa      0x480 ./Drivers/STM32F1xx_HAL_Driver/Src/stm32f1xx_hal_rcc_ex.o
 .debug_info    0x0000000000007b7a     0x16bf ./Drivers/STM32F1xx_HAL_Driver/Src/stm32f1xx_hal_spi.o
 .debug_info    0x0000000000009239     0x19e6 ./Drivers/STM32F1xx_HAL_Driver/Src/stm32f1xx_ll_usb.o
 .debug_info    0x000000000000ac1f     0x193a ./Middlewares/ST/STM32_USB_Device_Library/Class/CDC/Src/usbd_cdc.o
 .debug_info    0x000000000000c559     0x12ef ./Middlewares/ST/STM32_USB_Device_Library/Core/Src/usbd_core.o
 .debug_info    0x000000000000d848     0x125c ./Middlewares/ST/STM32_USB_Device_Library/Core/Src/usbd_ctlreq.o
 .debug_info    0x000000000000eaa4     0x102e ./Middlewares/ST/STM32_USB_Device_Library/Core/Src/usbd_ioreq.o
 .debug_info    0x000000000000fad2      0xf6b ./USB_DEVICE/App/usb_device.o
 .debug_info    0x0000000000010a3d     0x1174 ./USB_DEVICE/App/usbd_cdc_if.o
 .debug_info    0x0000000000011bb1      0xde8 ./USB_DEVICE/App/usbd_desc.o
 .debug_info    0x0000000000012999     0x1f88 ./USB_DEVICE/Target/usbd_conf.o

.debug_abbrev   0x0000000000000000     0x31ee
 .debug_abbrev  0x0000000000000000      0x300 ./Core/Src/main.o
 .debug_abbrev  0x0000000000000300      0x1ac ./Core/Src/stm32f1xx_hal_msp.o
 .debug_abbrev  0x00000000000004ac      0x173 ./Core/Src/stm32f1xx_it.o
 .debug_abbrev  0x000000000000061f      0x1bf ./Core/Src/sysmem.o
 .debug_abbrev  0x00000000000007de      0x14e ./Core/Src/system_stm32f1xx.o
 .debug_abbrev  0x000000000000092c       0x12 ./Core/Startup/startup_stm32f103c8tx.o
 .debug_abbrev  0x000000000000093e      0x1ed ./Drivers/STM32F1xx_HAL_Driver/Src/stm32f1xx_hal.o
 .debug_abbrev  0x0000000000000b2b      0x313 ./Drivers/STM32F1xx_HAL_Driver/Src/stm32f1xx_hal_cortex.o
 .debug_abbrev  0x0000000000000e3e      0x1e8 ./Drivers/STM32F1xx_HAL_Driver/Src/stm32f1xx_hal_gpio.o
 .debug_abbrev  0x0000000000001026      0x29e ./Drivers/STM32F1xx_HAL_Driver/Src/stm32f1xx_hal_pcd.o
 .debug_abbrev  0x00000000000012c4      0x1ac ./Drivers/STM32F1xx_HAL_Driver/Src/stm32f1xx_hal_pcd_ex.o
 .debug_abbrev  0x0000000000001470      0x273 ./Drivers/STM32F1xx_HAL_Driver/Src/stm32f1xx_hal_rcc.o
 .debug_abbrev  0x00000000000016e3      0x193 ./Drivers/STM32F1xx_HAL_Driver/Src/stm32f1xx_hal_rcc_ex.o
 .debug_abbrev  0x0000000000001876      0x26e ./Drivers/STM32F1xx_HAL_Driver/Src/stm32f1xx_hal_spi.o
 .debug_abbrev  0x0000000000001ae4      0x1fa ./Drivers/STM32F1xx_HAL_Driver/Src/stm32f1xx_ll_usb.o
 .debug_abbrev  0x0000000000001cde      0x2f6 ./Middlewares/ST/STM32_USB_Device_Library/Class/CDC/Src/usbd_cdc.o
 .debug_abbrev  0x0000000000001fd4      0x2a8 ./Middlewares/ST/STM32_USB_Device_Library/Core/Src/usbd_core.o
 .debug_abbrev  0x000000000000227c      0x2de ./Middlewares/ST/STM32_USB_Device_Library/Core/Src/usbd_ctlreq.o
 .debug_abbrev  0x000000000000255a      0x20a ./Middlewares/ST/STM32_USB_Device_Library/Core/Src/usbd_ioreq.o
 .debug_abbrev  0x0000000000002764      0x1e4 ./USB_DEVICE/App/usb_device.o
 .debug_abbrev  0x0000000000002948      0x2bf ./USB_DEVICE/App/usbd_cdc_if.o
 .debug_abbrev  0x0000000000002c07      0x2ca ./USB_DEVICE/App/usbd_desc.o
 .debug_abbrev  0x0000000000002ed1      0x31d ./USB_DEVICE/Target/usbd_conf.o

.debug_aranges  0x0000000000000000      0xc70
 .debug_aranges
                0x0000000000000000       0x48 ./Core/Src/main.o
 .debug_aranges
                0x0000000000000048       0x30 ./Core/Src/stm32f1xx_hal_msp.o
 .debug_aranges
                0x0000000000000078       0x68 ./Core/Src/stm32f1xx_it.o
 .debug_aranges
                0x00000000000000e0       0x20 ./Core/Src/sysmem.o
 .debug_aranges
                0x0000000000000100       0x28 ./Core/Src/system_stm32f1xx.o
 .debug_aranges
                0x0000000000000128       0x28 ./Core/Startup/startup_stm32f103c8tx.o
 .debug_aranges
                0x0000000000000150       0xe0 ./Drivers/STM32F1xx_HAL_Driver/Src/stm32f1xx_hal.o
 .debug_aranges
                0x0000000000000230      0x100 ./Drivers/STM32F1xx_HAL_Driver/Src/stm32f1xx_hal_cortex.o
 .debug_aranges
                0x0000000000000330       0x58 ./Drivers/STM32F1xx_HAL_Driver/Src/stm32f1xx_hal_gpio.o
 .debug_aranges
                0x0000000000000388      0x138 ./Drivers/STM32F1xx_HAL_Driver/Src/stm32f1xx_hal_pcd.o
 .debug_aranges
                0x00000000000004c0       0x38 ./Drivers/STM32F1xx_HAL_Driver/Src/stm32f1xx_hal_pcd_ex.o
 .debug_aranges
                0x00000000000004f8       0x90 ./Drivers/STM32F1xx_HAL_Driver/Src/stm32f1xx_hal_rcc.o
 .debug_aranges
                0x0000000000000588       0x30 ./Drivers/STM32F1xx_HAL_Driver/Src/stm32f1xx_hal_rcc_ex.o
 .debug_aranges
                0x00000000000005b8      0x1d0 ./Drivers/STM32F1xx_HAL_Driver/Src/stm32f1xx_hal_spi.o
 .debug_aranges
                0x0000000000000788       0xf0 ./Drivers/STM32F1xx_HAL_Driver/Src/stm32f1xx_ll_usb.o
 .debug_aranges
                0x0000000000000878       0x90 ./Middlewares/ST/STM32_USB_Device_Library/Class/CDC/Src/usbd_cdc.o
 .debug_aranges
                0x0000000000000908       0xb8 ./Middlewares/ST/STM32_USB_Device_Library/Core/Src/usbd_core.o
 .debug_aranges
                0x00000000000009c0       0x88 ./Middlewares/ST/STM32_USB_Device_Library/Core/Src/usbd_ctlreq.o
 .debug_aranges
                0x0000000000000a48       0x50 ./Middlewares/ST/STM32_USB_Device_Library/Core/Src/usbd_ioreq.o
 .debug_aranges
                0x0000000000000a98       0x20 ./USB_DEVICE/App/usb_device.o
 .debug_aranges
                0x0000000000000ab8       0x40 ./USB_DEVICE/App/usbd_cdc_if.o
 .debug_aranges
                0x0000000000000af8       0x60 ./USB_DEVICE/App/usbd_desc.o
 .debug_aranges
                0x0000000000000b58      0x118 ./USB_DEVICE/Target/usbd_conf.o

.debug_ranges   0x0000000000000000      0xb08
 .debug_ranges  0x0000000000000000       0x38 ./Core/Src/main.o
 .debug_ranges  0x0000000000000038       0x20 ./Core/Src/stm32f1xx_hal_msp.o
 .debug_ranges  0x0000000000000058       0x58 ./Core/Src/stm32f1xx_it.o
 .debug_ranges  0x00000000000000b0       0x10 ./Core/Src/sysmem.o
 .debug_ranges  0x00000000000000c0       0x18 ./Core/Src/system_stm32f1xx.o
 .debug_ranges  0x00000000000000d8       0x20 ./Core/Startup/startup_stm32f103c8tx.o
 .debug_ranges  0x00000000000000f8       0xd0 ./Drivers/STM32F1xx_HAL_Driver/Src/stm32f1xx_hal.o
 .debug_ranges  0x00000000000001c8       0xf0 ./Drivers/STM32F1xx_HAL_Driver/Src/stm32f1xx_hal_cortex.o
 .debug_ranges  0x00000000000002b8       0x48 ./Drivers/STM32F1xx_HAL_Driver/Src/stm32f1xx_hal_gpio.o
 .debug_ranges  0x0000000000000300      0x128 ./Drivers/STM32F1xx_HAL_Driver/Src/stm32f1xx_hal_pcd.o
 .debug_ranges  0x0000000000000428       0x28 ./Drivers/STM32F1xx_HAL_Driver/Src/stm32f1xx_hal_pcd_ex.o
 .debug_ranges  0x0000000000000450       0x80 ./Drivers/STM32F1xx_HAL_Driver/Src/stm32f1xx_hal_rcc.o
 .debug_ranges  0x00000000000004d0       0x20 ./Drivers/STM32F1xx_HAL_Driver/Src/stm32f1xx_hal_rcc_ex.o
 .debug_ranges  0x00000000000004f0      0x1c0 ./Drivers/STM32F1xx_HAL_Driver/Src/stm32f1xx_hal_spi.o
 .debug_ranges  0x00000000000006b0       0xe0 ./Drivers/STM32F1xx_HAL_Driver/Src/stm32f1xx_ll_usb.o
 .debug_ranges  0x0000000000000790       0x80 ./Middlewares/ST/STM32_USB_Device_Library/Class/CDC/Src/usbd_cdc.o
 .debug_ranges  0x0000000000000810       0xa8 ./Middlewares/ST/STM32_USB_Device_Library/Core/Src/usbd_core.o
 .debug_ranges  0x00000000000008b8       0x78 ./Middlewares/ST/STM32_USB_Device_Library/Core/Src/usbd_ctlreq.o
 .debug_ranges  0x0000000000000930       0x40 ./Middlewares/ST/STM32_USB_Device_Library/Core/Src/usbd_ioreq.o
 .debug_ranges  0x0000000000000970       0x10 ./USB_DEVICE/App/usb_device.o
 .debug_ranges  0x0000000000000980       0x30 ./USB_DEVICE/App/usbd_cdc_if.o
 .debug_ranges  0x00000000000009b0       0x50 ./USB_DEVICE/App/usbd_desc.o
 .debug_ranges  0x0000000000000a00      0x108 ./USB_DEVICE/Target/usbd_conf.o

.debug_macro    0x0000000000000000    0x19e77
 .debug_macro   0x0000000000000000      0x3f1 ./Core/Src/main.o
 .debug_macro   0x00000000000003f1      0xa9c ./Core/Src/main.o
 .debug_macro   0x0000000000000e8d      0x21b ./Core/Src/main.o
 .debug_macro   0x00000000000010a8       0x2e ./Core/Src/main.o
 .debug_macro   0x00000000000010d6       0x22 ./Core/Src/main.o
 .debug_macro   0x00000000000010f8       0x22 ./Core/Src/main.o
 .debug_macro   0x000000000000111a       0x8e ./Core/Src/main.o
 .debug_macro   0x00000000000011a8       0x51 ./Core/Src/main.o
 .debug_macro   0x00000000000011f9      0x103 ./Core/Src/main.o
 .debug_macro   0x00000000000012fc       0x6a ./Core/Src/main.o
 .debug_macro   0x0000000000001366      0x1df ./Core/Src/main.o
 .debug_macro   0x0000000000001545       0x1c ./Core/Src/main.o
 .debug_macro   0x0000000000001561       0x22 ./Core/Src/main.o
 .debug_macro   0x0000000000001583       0xc3 ./Core/Src/main.o
 .debug_macro   0x0000000000001646      0xd23 ./Core/Src/main.o
 .debug_macro   0x0000000000002369     0xe09e ./Core/Src/main.o
 .debug_macro   0x0000000000010407       0x6d ./Core/Src/main.o
 .debug_macro   0x0000000000010474     0x3468 ./Core/Src/main.o
 .debug_macro   0x00000000000138dc      0x174 ./Core/Src/main.o
 .debug_macro   0x0000000000013a50       0x5c ./Core/Src/main.o
 .debug_macro   0x0000000000013aac      0x5be ./Core/Src/main.o
 .debug_macro   0x000000000001406a      0x289 ./Core/Src/main.o
 .debug_macro   0x00000000000142f3      0x1cb ./Core/Src/main.o
 .debug_macro   0x00000000000144be      0x114 ./Core/Src/main.o
 .debug_macro   0x00000000000145d2      0x1b2 ./Core/Src/main.o
 .debug_macro   0x0000000000014784       0x27 ./Core/Src/main.o
 .debug_macro   0x00000000000147ab      0x136 ./Core/Src/main.o
 .debug_macro   0x00000000000148e1      0x1bc ./Core/Src/main.o
 .debug_macro   0x0000000000014a9d       0x34 ./Core/Src/main.o
 .debug_macro   0x0000000000014ad1       0x3c ./Core/Src/main.o
 .debug_macro   0x0000000000014b0d       0x57 ./Core/Src/main.o
 .debug_macro   0x0000000000014b64       0x88 ./Core/Src/main.o
 .debug_macro   0x0000000000014bec      0x241 ./Core/Src/main.o
 .debug_macro   0x0000000000014e2d      0x141 ./Core/Src/main.o
 .debug_macro   0x0000000000014f6e      0x217 ./Core/Src/main.o
 .debug_macro   0x0000000000015185       0x65 ./Core/Src/main.o
 .debug_macro   0x00000000000151ea      0x249 ./Core/Src/main.o
 .debug_macro   0x0000000000015433       0x83 ./Core/Src/main.o
 .debug_macro   0x00000000000154b6       0x52 ./Core/Src/main.o
 .debug_macro   0x0000000000015508       0x18 ./Core/Src/main.o
 .debug_macro   0x0000000000015520       0x3c ./Core/Src/main.o
 .debug_macro   0x000000000001555c       0x34 ./Core/Src/main.o
 .debug_macro   0x0000000000015590       0x16 ./Core/Src/main.o
 .debug_macro   0x00000000000155a6       0x35 ./Core/Src/main.o
 .debug_macro   0x00000000000155db      0x333 ./Core/Src/main.o
 .debug_macro   0x000000000001590e       0x10 ./Core/Src/main.o
 .debug_macro   0x000000000001591e       0x16 ./Core/Src/main.o
 .debug_macro   0x0000000000015934       0x43 ./Core/Src/main.o
 .debug_macro   0x0000000000015977       0x34 ./Core/Src/main.o
 .debug_macro   0x00000000000159ab       0x10 ./Core/Src/main.o
 .debug_macro   0x00000000000159bb       0x58 ./Core/Src/main.o
 .debug_macro   0x0000000000015a13       0x71 ./Core/Src/main.o
 .debug_macro   0x0000000000015a84       0x1c ./Core/Src/main.o
 .debug_macro   0x0000000000015aa0      0x12a ./Core/Src/main.o
 .debug_macro   0x0000000000015bca       0x10 ./Core/Src/main.o
 .debug_macro   0x0000000000015bda       0x1c ./Core/Src/main.o
 .debug_macro   0x0000000000015bf6       0x52 ./Core/Src/main.o
 .debug_macro   0x0000000000015c48       0x22 ./Core/Src/main.o
 .debug_macro   0x0000000000015c6a       0x10 ./Core/Src/main.o
 .debug_macro   0x0000000000015c7a       0x40 ./Core/Src/main.o
 .debug_macro   0x0000000000015cba       0xd5 ./Core/Src/main.o
 .debug_macro   0x0000000000015d8f       0x1c ./Core/Src/main.o
 .debug_macro   0x0000000000015dab       0x3d ./Core/Src/main.o
 .debug_macro   0x0000000000015de8       0x16 ./Core/Src/main.o
 .debug_macro   0x0000000000015dfe      0x145 ./Core/Src/main.o
 .debug_macro   0x0000000000015f43       0x16 ./Core/Src/main.o
 .debug_macro   0x0000000000015f59       0x16 ./Core/Src/main.o
 .debug_macro   0x0000000000015f6f       0x29 ./Core/Src/main.o
 .debug_macro   0x0000000000015f98       0x16 ./Core/Src/main.o
 .debug_macro   0x0000000000015fae       0x20 ./Core/Src/main.o
 .debug_macro   0x0000000000015fce       0x60 ./Core/Src/main.o
 .debug_macro   0x000000000001602e      0x1c8 ./Core/Src/main.o
 .debug_macro   0x00000000000161f6       0x8f ./Core/Src/main.o
 .debug_macro   0x0000000000016285       0x10 ./Core/Src/main.o
 .debug_macro   0x0000000000016295      0x1bc ./Core/Src/stm32f1xx_hal_msp.o
 .debug_macro   0x0000000000016451      0x1c6 ./Core/Src/stm32f1xx_it.o
 .debug_macro   0x0000000000016617       0xff ./Core/Src/sysmem.o
 .debug_macro   0x0000000000016716      0x23b ./Core/Src/sysmem.o
 .debug_macro   0x0000000000016951      0x1b2 ./Core/Src/system_stm32f1xx.o
 .debug_macro   0x0000000000016b03      0x1d6 ./Drivers/STM32F1xx_HAL_Driver/Src/stm32f1xx_hal.o
 .debug_macro   0x0000000000016cd9      0x1b2 ./Drivers/STM32F1xx_HAL_Driver/Src/stm32f1xx_hal_cortex.o
 .debug_macro   0x0000000000016e8b      0x21d ./Drivers/STM32F1xx_HAL_Driver/Src/stm32f1xx_hal_gpio.o
 .debug_macro   0x00000000000170a8      0x1be ./Drivers/STM32F1xx_HAL_Driver/Src/stm32f1xx_hal_pcd.o
 .debug_macro   0x0000000000017266      0x1b2 ./Drivers/STM32F1xx_HAL_Driver/Src/stm32f1xx_hal_pcd_ex.o
 .debug_macro   0x0000000000017418      0x1c4 ./Drivers/STM32F1xx_HAL_Driver/Src/stm32f1xx_hal_rcc.o
 .debug_macro   0x00000000000175dc      0x1b2 ./Drivers/STM32F1xx_HAL_Driver/Src/stm32f1xx_hal_rcc_ex.o
 .debug_macro   0x000000000001778e      0x1ba ./Drivers/STM32F1xx_HAL_Driver/Src/stm32f1xx_hal_spi.o
 .debug_macro   0x0000000000017948      0x1b2 ./Drivers/STM32F1xx_HAL_Driver/Src/stm32f1xx_ll_usb.o
 .debug_macro   0x0000000000017afa      0x3d2 ./Middlewares/ST/STM32_USB_Device_Library/Class/CDC/Src/usbd_cdc.o
 .debug_macro   0x0000000000017ecc       0x97 ./Middlewares/ST/STM32_USB_Device_Library/Class/CDC/Src/usbd_cdc.o
 .debug_macro   0x0000000000017f63       0xfd ./Middlewares/ST/STM32_USB_Device_Library/Class/CDC/Src/usbd_cdc.o
 .debug_macro   0x0000000000018060       0xbd ./Middlewares/ST/STM32_USB_Device_Library/Class/CDC/Src/usbd_cdc.o
 .debug_macro   0x000000000001811d       0x56 ./Middlewares/ST/STM32_USB_Device_Library/Class/CDC/Src/usbd_cdc.o
 .debug_macro   0x0000000000018173      0x3b9 ./Middlewares/ST/STM32_USB_Device_Library/Core/Src/usbd_core.o
 .debug_macro   0x000000000001852c      0x1ce ./Middlewares/ST/STM32_USB_Device_Library/Core/Src/usbd_core.o
 .debug_macro   0x00000000000186fa      0x3c3 ./Middlewares/ST/STM32_USB_Device_Library/Core/Src/usbd_ctlreq.o
 .debug_macro   0x0000000000018abd      0x3bf ./Middlewares/ST/STM32_USB_Device_Library/Core/Src/usbd_ioreq.o
 .debug_macro   0x0000000000018e7c      0x3f8 ./USB_DEVICE/App/usb_device.o
 .debug_macro   0x0000000000019274       0x22 ./USB_DEVICE/App/usb_device.o
 .debug_macro   0x0000000000019296       0x16 ./USB_DEVICE/App/usb_device.o
 .debug_macro   0x00000000000192ac      0x3dd ./USB_DEVICE/App/usbd_cdc_if.o
 .debug_macro   0x0000000000019689      0x3f6 ./USB_DEVICE/App/usbd_desc.o
 .debug_macro   0x0000000000019a7f       0x1c ./USB_DEVICE/App/usbd_desc.o
 .debug_macro   0x0000000000019a9b      0x3dc ./USB_DEVICE/Target/usbd_conf.o

.debug_line     0x0000000000000000     0xfc63
 .debug_line    0x0000000000000000      0xc3a ./Core/Src/main.o
 .debug_line    0x0000000000000c3a      0x69e ./Core/Src/stm32f1xx_hal_msp.o
 .debug_line    0x00000000000012d8      0x724 ./Core/Src/stm32f1xx_it.o
 .debug_line    0x00000000000019fc      0x49e ./Core/Src/sysmem.o
 .debug_line    0x0000000000001e9a      0x6c8 ./Core/Src/system_stm32f1xx.o
 .debug_line    0x0000000000002562       0x87 ./Core/Startup/startup_stm32f103c8tx.o
 .debug_line    0x00000000000025e9      0x8f5 ./Drivers/STM32F1xx_HAL_Driver/Src/stm32f1xx_hal.o
 .debug_line    0x0000000000002ede      0xadd ./Drivers/STM32F1xx_HAL_Driver/Src/stm32f1xx_hal_cortex.o
 .debug_line    0x00000000000039bb      0x98c ./Drivers/STM32F1xx_HAL_Driver/Src/stm32f1xx_hal_gpio.o
 .debug_line    0x0000000000004347     0x12e3 ./Drivers/STM32F1xx_HAL_Driver/Src/stm32f1xx_hal_pcd.o
 .debug_line    0x000000000000562a      0x6c3 ./Drivers/STM32F1xx_HAL_Driver/Src/stm32f1xx_hal_pcd_ex.o
 .debug_line    0x0000000000005ced      0xd03 ./Drivers/STM32F1xx_HAL_Driver/Src/stm32f1xx_hal_rcc.o
 .debug_line    0x00000000000069f0      0x841 ./Drivers/STM32F1xx_HAL_Driver/Src/stm32f1xx_hal_rcc_ex.o
 .debug_line    0x0000000000007231     0x1b7a ./Drivers/STM32F1xx_HAL_Driver/Src/stm32f1xx_hal_spi.o
 .debug_line    0x0000000000008dab      0xffd ./Drivers/STM32F1xx_HAL_Driver/Src/stm32f1xx_ll_usb.o
 .debug_line    0x0000000000009da8      0xcc5 ./Middlewares/ST/STM32_USB_Device_Library/Class/CDC/Src/usbd_cdc.o
 .debug_line    0x000000000000aa6d      0xd45 ./Middlewares/ST/STM32_USB_Device_Library/Core/Src/usbd_core.o
 .debug_line    0x000000000000b7b2      0xf64 ./Middlewares/ST/STM32_USB_Device_Library/Core/Src/usbd_ctlreq.o
 .debug_line    0x000000000000c716      0x9db ./Middlewares/ST/STM32_USB_Device_Library/Core/Src/usbd_ioreq.o
 .debug_line    0x000000000000d0f1      0x99b ./USB_DEVICE/App/usb_device.o
 .debug_line    0x000000000000da8c      0x9f3 ./USB_DEVICE/App/usbd_cdc_if.o
 .debug_line    0x000000000000e47f      0xa64 ./USB_DEVICE/App/usbd_desc.o
 .debug_line    0x000000000000eee3      0xd80 ./USB_DEVICE/Target/usbd_conf.o

.debug_str      0x0000000000000000    0x86ec6
 .debug_str     0x0000000000000000    0x83e3e ./Core/Src/main.o
                                      0x84344 (size before relaxing)
 .debug_str     0x0000000000083e3e       0x81 ./Core/Src/stm32f1xx_hal_msp.o
                                      0x7ede0 (size before relaxing)
 .debug_str     0x0000000000083ebf      0x39e ./Core/Src/stm32f1xx_it.o
                                      0x7ed58 (size before relaxing)
 .debug_str     0x000000000008425d      0x4e9 ./Core/Src/sysmem.o
                                       0x625d (size before relaxing)
 .debug_str     0x0000000000084746       0x52 ./Core/Src/system_stm32f1xx.o
                                      0x7e9a2 (size before relaxing)
 .debug_str     0x0000000000084798       0x36 ./Core/Startup/startup_stm32f103c8tx.o
                                         0x71 (size before relaxing)
 .debug_str     0x00000000000847ce      0x554 ./Drivers/STM32F1xx_HAL_Driver/Src/stm32f1xx_hal.o
                                      0x7f033 (size before relaxing)
 .debug_str     0x0000000000084d22      0x2d8 ./Drivers/STM32F1xx_HAL_Driver/Src/stm32f1xx_hal_cortex.o
                                      0x7f03b (size before relaxing)
 .debug_str     0x0000000000084ffa      0x324 ./Drivers/STM32F1xx_HAL_Driver/Src/stm32f1xx_hal_gpio.o
                                      0x7ed66 (size before relaxing)
 .debug_str     0x000000000008531e      0x3e5 ./Drivers/STM32F1xx_HAL_Driver/Src/stm32f1xx_hal_pcd.o
                                      0x7f0f5 (size before relaxing)
 .debug_str     0x0000000000085703      0x18d ./Drivers/STM32F1xx_HAL_Driver/Src/stm32f1xx_hal_pcd_ex.o
                                      0x7ee42 (size before relaxing)
 .debug_str     0x0000000000085890      0x24f ./Drivers/STM32F1xx_HAL_Driver/Src/stm32f1xx_hal_rcc.o
                                      0x7ed9f (size before relaxing)
 .debug_str     0x0000000000085adf       0xb9 ./Drivers/STM32F1xx_HAL_Driver/Src/stm32f1xx_hal_rcc_ex.o
                                      0x7eb2c (size before relaxing)
 .debug_str     0x0000000000085b98      0x548 ./Drivers/STM32F1xx_HAL_Driver/Src/stm32f1xx_hal_spi.o
                                      0x7f2ae (size before relaxing)
 .debug_str     0x00000000000860e0      0x2ad ./Drivers/STM32F1xx_HAL_Driver/Src/stm32f1xx_ll_usb.o
                                      0x7ee75 (size before relaxing)
 .debug_str     0x000000000008638d      0x293 ./Middlewares/ST/STM32_USB_Device_Library/Class/CDC/Src/usbd_cdc.o
                                      0x841ab (size before relaxing)
 .debug_str     0x0000000000086620      0x1b5 ./Middlewares/ST/STM32_USB_Device_Library/Core/Src/usbd_core.o
                                      0x83aa6 (size before relaxing)
 .debug_str     0x00000000000867d5      0x134 ./Middlewares/ST/STM32_USB_Device_Library/Core/Src/usbd_ctlreq.o
                                      0x83a2c (size before relaxing)
 .debug_str     0x0000000000086909       0xc9 ./Middlewares/ST/STM32_USB_Device_Library/Core/Src/usbd_ioreq.o
                                      0x839b4 (size before relaxing)
 .debug_str     0x00000000000869d2       0xc2 ./USB_DEVICE/App/usb_device.o
                                      0x83d1b (size before relaxing)
 .debug_str     0x0000000000086a94       0x86 ./USB_DEVICE/App/usbd_cdc_if.o
                                      0x83d73 (size before relaxing)
 .debug_str     0x0000000000086b1a      0x258 ./USB_DEVICE/App/usbd_desc.o
                                      0x8391f (size before relaxing)